Archive member included to satisfy reference by file (symbol)

c:/program files (x86)/atmel/studio/7.0/toolchain/avr8/avr8-gnu-toolchain/bin/../lib/gcc/avr/5.4.0/../../../../avr/lib/avr6\libprintf_flt.a(vfprintf_flt.o)
                              (vfprintf)
../Iot driver Library\libIotLibrary.a(hih8120.o)
                              main.o (hih8120Create)
../Iot driver Library\libIotLibrary.a(mh_z19.o)
                              main.o (mh_z19_create)
../Iot driver Library\libIotLibrary.a(serial.o)
                              ../Iot driver Library\libIotLibrary.a(mh_z19.o) (serial_new_instance)
../Iot driver Library\libIotLibrary.a(stdio_driver.o)
                              main.o (stdioCreate)
../Iot driver Library\libIotLibrary.a(twi.o)
                              ../Iot driver Library\libIotLibrary.a(hih8120.o) (twiCreate)
../Iot driver Library\libIotLibrary.a(fifo.o)
                              ../Iot driver Library\libIotLibrary.a(serial.o) (fifo_init)
c:/program files (x86)/atmel/studio/7.0/toolchain/avr8/avr8-gnu-toolchain/bin/../lib/gcc/avr/5.4.0/../../../../avr/lib/avr6\libm.a(addsf3.o)
                              ../Iot driver Library\libIotLibrary.a(hih8120.o) (__subsf3)
c:/program files (x86)/atmel/studio/7.0/toolchain/avr8/avr8-gnu-toolchain/bin/../lib/gcc/avr/5.4.0/../../../../avr/lib/avr6\libm.a(addsf3x.o)
                              c:/program files (x86)/atmel/studio/7.0/toolchain/avr8/avr8-gnu-toolchain/bin/../lib/gcc/avr/5.4.0/../../../../avr/lib/avr6\libm.a(addsf3.o) (__addsf3x)
c:/program files (x86)/atmel/studio/7.0/toolchain/avr8/avr8-gnu-toolchain/bin/../lib/gcc/avr/5.4.0/../../../../avr/lib/avr6\libm.a(divsf3.o)
                              ../Iot driver Library\libIotLibrary.a(hih8120.o) (__divsf3)
c:/program files (x86)/atmel/studio/7.0/toolchain/avr8/avr8-gnu-toolchain/bin/../lib/gcc/avr/5.4.0/../../../../avr/lib/avr6\libm.a(divsf3x.o)
                              c:/program files (x86)/atmel/studio/7.0/toolchain/avr8/avr8-gnu-toolchain/bin/../lib/gcc/avr/5.4.0/../../../../avr/lib/avr6\libm.a(divsf3.o) (__divsf3x)
c:/program files (x86)/atmel/studio/7.0/toolchain/avr8/avr8-gnu-toolchain/bin/../lib/gcc/avr/5.4.0/../../../../avr/lib/avr6\libm.a(fixsfsi.o)
                              ../Iot driver Library\libIotLibrary.a(hih8120.o) (__fixsfsi)
c:/program files (x86)/atmel/studio/7.0/toolchain/avr8/avr8-gnu-toolchain/bin/../lib/gcc/avr/5.4.0/../../../../avr/lib/avr6\libm.a(fixunssfsi.o)
                              ../Iot driver Library\libIotLibrary.a(hih8120.o) (__fixunssfsi)
c:/program files (x86)/atmel/studio/7.0/toolchain/avr8/avr8-gnu-toolchain/bin/../lib/gcc/avr/5.4.0/../../../../avr/lib/avr6\libm.a(floatsisf.o)
                              ../Iot driver Library\libIotLibrary.a(hih8120.o) (__floatunsisf)
c:/program files (x86)/atmel/studio/7.0/toolchain/avr8/avr8-gnu-toolchain/bin/../lib/gcc/avr/5.4.0/../../../../avr/lib/avr6\libm.a(fp_inf.o)
                              c:/program files (x86)/atmel/studio/7.0/toolchain/avr8/avr8-gnu-toolchain/bin/../lib/gcc/avr/5.4.0/../../../../avr/lib/avr6\libm.a(addsf3x.o) (__fp_inf)
c:/program files (x86)/atmel/studio/7.0/toolchain/avr8/avr8-gnu-toolchain/bin/../lib/gcc/avr/5.4.0/../../../../avr/lib/avr6\libm.a(fp_nan.o)
                              c:/program files (x86)/atmel/studio/7.0/toolchain/avr8/avr8-gnu-toolchain/bin/../lib/gcc/avr/5.4.0/../../../../avr/lib/avr6\libm.a(addsf3x.o) (__fp_nan)
c:/program files (x86)/atmel/studio/7.0/toolchain/avr8/avr8-gnu-toolchain/bin/../lib/gcc/avr/5.4.0/../../../../avr/lib/avr6\libm.a(fp_pscA.o)
                              c:/program files (x86)/atmel/studio/7.0/toolchain/avr8/avr8-gnu-toolchain/bin/../lib/gcc/avr/5.4.0/../../../../avr/lib/avr6\libm.a(addsf3x.o) (__fp_pscA)
c:/program files (x86)/atmel/studio/7.0/toolchain/avr8/avr8-gnu-toolchain/bin/../lib/gcc/avr/5.4.0/../../../../avr/lib/avr6\libm.a(fp_pscB.o)
                              c:/program files (x86)/atmel/studio/7.0/toolchain/avr8/avr8-gnu-toolchain/bin/../lib/gcc/avr/5.4.0/../../../../avr/lib/avr6\libm.a(addsf3x.o) (__fp_pscB)
c:/program files (x86)/atmel/studio/7.0/toolchain/avr8/avr8-gnu-toolchain/bin/../lib/gcc/avr/5.4.0/../../../../avr/lib/avr6\libm.a(fp_round.o)
                              c:/program files (x86)/atmel/studio/7.0/toolchain/avr8/avr8-gnu-toolchain/bin/../lib/gcc/avr/5.4.0/../../../../avr/lib/avr6\libm.a(addsf3.o) (__fp_round)
c:/program files (x86)/atmel/studio/7.0/toolchain/avr8/avr8-gnu-toolchain/bin/../lib/gcc/avr/5.4.0/../../../../avr/lib/avr6\libm.a(fp_split3.o)
                              c:/program files (x86)/atmel/studio/7.0/toolchain/avr8/avr8-gnu-toolchain/bin/../lib/gcc/avr/5.4.0/../../../../avr/lib/avr6\libm.a(addsf3x.o) (__fp_split3)
c:/program files (x86)/atmel/studio/7.0/toolchain/avr8/avr8-gnu-toolchain/bin/../lib/gcc/avr/5.4.0/../../../../avr/lib/avr6\libm.a(fp_zero.o)
[...]
Memory Configuration

Name             Origin             Length             Attributes
text             0x00000000         0x00100000         xr
data             0x00800200         0x0000fe00         rw !x
eeprom           0x00810000         0x00010000         rw !x
fuse             0x00820000         0x00000003         rw !x
lock             0x00830000         0x00000400         rw !x
signature        0x00840000         0x00000400         rw !x
user_signatures  0x00850000         0x00000400         rw !x
*default*        0x00000000         0xffffffff

Linker script and memory map

Address of section .data set to 0x800200
LOAD C:/Program Files (x86)/Atmel/Studio/7.0/Packs/atmel/ATmega_DFP/1.2.209/gcc/dev/atmega2560/avr6/crtatmega2560.o
LOAD FreeRTOS/FreeRTOSTraceDriver/FreeRTOSTraceDriver.o
LOAD FreeRTOS/src/croutine.o
LOAD FreeRTOS/src/event_groups.o
LOAD FreeRTOS/src/heap_3.o
LOAD FreeRTOS/src/list.o
LOAD FreeRTOS/src/port.o
LOAD FreeRTOS/src/queue.o
LOAD FreeRTOS/src/stream_buffer.o
LOAD FreeRTOS/src/tasks.o
LOAD FreeRTOS/src/timers.o
LOAD FreeRTOS/src/variantHooks.o
LOAD main.o
START GROUP
LOAD c:/program files (x86)/atmel/studio/7.0/toolchain/avr8/avr8-gnu-toolchain/bin/../lib/gcc/avr/5.4.0/../../../../avr/lib/avr6\libm.a
LOAD c:/program files (x86)/atmel/studio/7.0/toolchain/avr8/avr8-gnu-toolchain/bin/../lib/gcc/avr/5.4.0/../../../../avr/lib/avr6\libprintf_flt.a
LOAD ../Iot driver Library\libIotLibrary.a
LOAD c:/program files (x86)/atmel/studio/7.0/toolchain/avr8/avr8-gnu-toolchain/bin/../lib/gcc/avr/5.4.0/../../../../avr/lib\libserialLib.a
END GROUP
LOAD c:/program files (x86)/atmel/studio/7.0/toolchain/avr8/avr8-gnu-toolchain/bin/../lib/gcc/avr/5.4.0/../../../../avr/lib/avr6\libprintf_flt.a
START GROUP
LOAD c:/program files (x86)/atmel/studio/7.0/toolchain/avr8/avr8-gnu-toolchain/bin/../lib/gcc/avr/5.4.0/avr6\libgcc.a
LOAD c:/program files (x86)/atmel/studio/7.0/toolchain/avr8/avr8-gnu-toolchain/bin/../lib/gcc/avr/5.4.0/../../../../avr/lib/avr6\libm.a
LOAD c:/program files (x86)/atmel/studio/7.0/toolchain/avr8/avr8-gnu-toolchain/bin/../lib/gcc/avr/5.4.0/../../../../avr/lib/avr6\libc.a
LOAD C:/Program Files (x86)/Atmel/Studio/7.0/Packs/atmel/ATmega_DFP/1.2.209/gcc/dev/atmega2560/avr6\libatmega2560.a
END GROUP
                0x00100000                __TEXT_REGION_LENGTH__ = DEFINED (__TEXT_REGION_LENGTH__)?__TEXT_REGION_LENGTH__:0x100000
                0x0000fe00                __DATA_REGION_LENGTH__ = DEFINED (__DATA_REGION_LENGTH__)?__DATA_REGION_LENGTH__:0xfe00
                0x00010000                __EEPROM_REGION_LENGTH__ = DEFINED (__EEPROM_REGION_LENGTH__)?__EEPROM_REGION_LENGTH__:0x10000
                [0x00000003]                __FUSE_REGION_LENGTH__ = DEFINED (__FUSE_REGION_LENGTH__)?__FUSE_REGION_LENGTH__:0x400
                0x00000400                __LOCK_REGION_LENGTH__ = DEFINED (__LOCK_REGION_LENGTH__)?__LOCK_REGION_LENGTH__:0x400
                0x00000400                __SIGNATURE_REGION_LENGTH__ = DEFINED (__SIGNATURE_REGION_LENGTH__)?__SIGNATURE_REGION_LENGTH__:0x400
                0x00000400                __USER_SIGNATURE_REGION_LENGTH__ = DEFINED (__USER_SIGNATURE_REGION_LENGTH__)?__USER_SIGNATURE_REGION_LENGTH__:0x400

.hash
 *(.hash)

.dynsym
 *(.dynsym)

.dynstr
 *(.dynstr)

.gnu.version
 *(.gnu.version)

.gnu.version_d
 *(.gnu.version_d)

.gnu.version_r
 *(.gnu.version_r)

.rel.init
 *(.rel.init)

.rela.init
 *(.rela.init)

.rel.text
 *(.rel.text)
 *(.rel.text.*)
 *(.rel.gnu.linkonce.t*)

.rela.text
 *(.rela.text)
 *(.rela.text.*)
 *(.rela.gnu.linkonce.t*)

.rel.fini
 *(.rel.fini)

.rela.fini
 *(.rela.fini)

.rel.rodata
 *(.rel.rodata)
 *(.rel.rodata.*)
 *(.rel.gnu.linkonce.r*)

.rela.rodata
 *(.rela.rodata)
 *(.rela.rodata.*)
 *(.rela.gnu.linkonce.r*)

.rel.data
 *(.rel.data)
 *(.rel.data.*)
 *(.rel.gnu.linkonce.d*)

.rela.data
 *(.rela.data)
 *(.rela.data.*)
 *(.rela.gnu.linkonce.d*)

.rel.ctors
 *(.rel.ctors)

.rela.ctors
 *(.rela.ctors)

.rel.dtors
 *(.rel.dtors)

.rela.dtors
 *(.rela.dtors)

.rel.got
 *(.rel.got)

.rela.got
 *(.rela.got)

.rel.bss
 *(.rel.bss)

.rela.bss
 *(.rela.bss)

.rel.plt
 *(.rel.plt)

.rela.plt
 *(.rela.plt)

.text           0x00000000     0x3b0e
 *(.vectors)
 .vectors       0x00000000       0xe4 C:/Program Files (x86)/Atmel/Studio/7.0/Packs/atmel/ATmega_DFP/1.2.209/gcc/dev/atmega2560/avr6/crtatmega2560.o
                0x00000000                __vector_default
                0x00000000                __vectors
 *(.vectors)
 *(.progmem.gcc*)
 .progmem.gcc_sw_table
                0x000000e4       0x14 FreeRTOS/src/timers.o
 .progmem.gcc_sw_table.__vector_39
                0x000000f8       0xa2 ../Iot driver Library\libIotLibrary.a(twi.o)
                0x0000019a                . = ALIGN (0x2)
                0x0000019a                __trampolines_start = .
 *(.trampolines)
 .trampolines   0x0000019a        0x0 linker stubs
 *(.trampolines*)
                0x0000019a                __trampolines_end = .
 *libprintf_flt.a:*(.progmem.data)
 .progmem.data  0x0000019a        0x8 c:/program files (x86)/atmel/studio/7.0/toolchain/avr8/avr8-gnu-toolchain/bin/../lib/gcc/avr/5.4.0/../../../../avr/lib/avr6\libprintf_flt.a(vfprintf_flt.o)
 *libc.a:*(.progmem.data)
 .progmem.data  0x000001a2       0xfa c:/program files (x86)/atmel/studio/7.0/toolchain/avr8/avr8-gnu-toolchain/bin/../lib/gcc/avr/5.4.0/../../../../avr/lib/avr6\libc.a(ftoa_engine.o)
 *(.progmem*)
                0x0000029c                . = ALIGN (0x2)
 *(.jumptables)
 *(.jumptables*)
 *(.lowtext)
 .lowtext       0x0000029c       0x6c FreeRTOS/src/tasks.o
 .lowtext       0x00000308      0x202 FreeRTOS/src/timers.o
 *(.lowtext*)
                0x0000050a                __ctors_start = .
 *(.ctors)
                0x0000050a                __ctors_end = .
                0x0000050a                __dtors_start = .
 *(.dtors)
                0x0000050a                __dtors_end = .
 SORT(*)(.ctors)
 SORT(*)(.dtors)
 *(.init0)
 .init0         0x0000050a        0x0 C:/Program Files (x86)/Atmel/Studio/7.0/Packs/atmel/ATmega_DFP/1.2.209/gcc/dev/atmega2560/avr6/crtatmega2560.o
                0x0000050a                __init
 *(.init0)
 *(.init1)
 *(.init1)
 *(.init2)
 .init2         0x0000050a       0x10 C:/Program Files (x86)/Atmel/Studio/7.0/Packs/atmel/ATmega_DFP/1.2.209/gcc/dev/atmega2560/avr6/crtatmega2560.o
 *(.init2)
 *(.init3)
 *(.init3)
 *(.init4)
 .init4         0x0000051a       0x1a c:/program files (x86)/atmel/studio/7.0/toolchain/avr8/avr8-gnu-toolchain/bin/../lib/gcc/avr/5.4.0/avr6\libgcc.a(_copy_data.o)
                0x0000051a                __do_copy_data
 .init4         0x00000534       0x10 c:/program files (x86)/atmel/studio/7.0/toolchain/avr8/avr8-gnu-toolchain/bin/../lib/gcc/avr/5.4.0/avr6\libgcc.a(_clear_bss.o)
                0x00000534                __do_clear_bss
 *(.init4)
 *(.init5)
 *(.init5)
 *(.init6)
 *(.init6)
 *(.init7)
 *(.init7)
 *(.init8)
 *(.init8)
 *(.init9)
 .init9         0x00000544        0x8 C:/Program Files (x86)/Atmel/Studio/7.0/Packs/atmel/ATmega_DFP/1.2.209/gcc/dev/atmega2560/avr6/crtatmega2560.o
 *(.init9)
 *(.text)
 .text          0x0000054c        0x2 C:/Program Files (x86)/Atmel/Studio/7.0/Packs/atmel/ATmega_DFP/1.2.209/gcc/dev/atmega2560/avr6/crtatmega2560.o
                0x0000054c                __vector_38
                0x0000054c                __vector_22
                0x0000054c                __vector_28
                0x0000054c                __vector_1
                0x0000054c                __vector_32
                0x0000054c                __vector_34
                0x0000054c                __vector_24
                0x0000054c                __vector_46
                0x0000054c                __bad_interrupt
                0x0000054c                __vector_6
                0x0000054c                __vector_31
                0x0000054c                __vector_35
                0x0000054c                __vector_3
                0x0000054c                __vector_23
                0x0000054c                __vector_30
                0x0000054c                __vector_45
                0x0000054c                __vector_11
                0x0000054c                __vector_13
                0x0000054c                __vector_17
                0x0000054c                __vector_19
                0x0000054c                __vector_56
                0x0000054c                __vector_7
                0x0000054c                __vector_49
                0x0000054c                __vector_41
                0x0000054c                __vector_43
                0x0000054c                __vector_27
                0x0000054c                __vector_5
                0x0000054c                __vector_33
                0x0000054c                __vector_47
                0x0000054c                __vector_4
                0x0000054c                __vector_44
                0x0000054c                __vector_9
                0x0000054c                __vector_2
                0x0000054c                __vector_21
                0x0000054c                __vector_15
                0x0000054c                __vector_29
                0x0000054c                __vector_40
                0x0000054c                __vector_8
                0x0000054c                __vector_48
                0x0000054c                __vector_14
                0x0000054c                __vector_53
                0x0000054c                __vector_10
                0x0000054c                __vector_50
                0x0000054c                __vector_16
                0x0000054c                __vector_18
                0x0000054c                __vector_20
                0x0000054c                __vector_42
                0x0000054e                . = ALIGN (0x2)
 *(.text.*)
 .text.task_switch_in
                0x0000054e       0x14 FreeRTOS/FreeRTOSTraceDriver/FreeRTOSTraceDriver.o
                0x0000054e                task_switch_in
 .text.task_switch_out
                0x00000562        0xc FreeRTOS/FreeRTOSTraceDriver/FreeRTOSTraceDriver.o
                0x00000562                task_switch_out
 .text.pvPortMalloc
                0x0000056e       0x22 FreeRTOS/src/heap_3.o
                0x0000056e                pvPortMalloc
 .text.vPortFree
                0x00000590       0x1a FreeRTOS/src/heap_3.o
                0x00000590                vPortFree
 .text.vListInitialise
                0x000005aa       0x1c FreeRTOS/src/list.o
                0x000005aa                vListInitialise
 .text.vListInitialiseItem
                0x000005c6        0x8 FreeRTOS/src/list.o
                0x000005c6                vListInitialiseItem
 .text.vListInsertEnd
                0x000005ce       0x42 FreeRTOS/src/list.o
                0x000005ce                vListInsertEnd
 .text.vListInsert
                0x00000610       0x62 FreeRTOS/src/list.o
                0x00000610                vListInsert
 .text.uxListRemove
                0x00000672       0x4e FreeRTOS/src/list.o
                0x00000672                uxListRemove
 .text.pxPortInitialiseStack
                0x000006c0       0xe4 FreeRTOS/src/port.o
                0x000006c0                pxPortInitialiseStack
 .text.xPortStartScheduler
                0x000007a4       0x78 FreeRTOS/src/port.o
                0x000007a4                xPortStartScheduler
 .text.vPortYield
                0x0000081c       0xc0 FreeRTOS/src/port.o
                0x0000081c                vPortYield
 .text.vPortYieldFromTick
                0x000008dc       0xc6 FreeRTOS/src/port.o
                0x000008dc                vPortYieldFromTick
 .text.__vector_12
                0x000009a2        0x4 FreeRTOS/src/port.o
                0x000009a2                __vector_12
 .text.prvIsQueueEmpty
                0x000009a6       0x16 FreeRTOS/src/queue.o
 .text.prvCopyDataToQueue
                0x000009bc       0xbc FreeRTOS/src/queue.o
 .text.prvCopyDataFromQueue
                0x00000a78       0x34 FreeRTOS/src/queue.o
 .text.prvUnlockQueue
                0x00000aac       0x92 FreeRTOS/src/queue.o
 .text.xQueueGenericReset
                0x00000b3e       0x84 FreeRTOS/src/queue.o
                0x00000b3e                xQueueGenericReset
 .text.xQueueGenericCreate
                0x00000bc2       0x5c FreeRTOS/src/queue.o
                0x00000bc2                xQueueGenericCreate
 .text.xQueueGenericSend
                0x00000c1e      0x124 FreeRTOS/src/queue.o
                0x00000c1e                xQueueGenericSend
 .text.xQueueGenericSendFromISR
                0x00000d42       0x70 FreeRTOS/src/queue.o
                0x00000d42                xQueueGenericSendFromISR
 .text.xQueueReceive
                0x00000db2      0x112 FreeRTOS/src/queue.o
                0x00000db2                xQueueReceive
 .text.vQueueWaitForMessageRestricted
                0x00000ec4       0x36 FreeRTOS/src/queue.o
                0x00000ec4                vQueueWaitForMessageRestricted
 .text.prvResetNextTaskUnblockTime
                0x00000efa       0x3e FreeRTOS/src/tasks.o
 .text.prvAddCurrentTaskToDelayedList
                0x00000f38       0xa8 FreeRTOS/src/tasks.o
 .text.xTaskCreate
                0x00000fe0      0x21c FreeRTOS/src/tasks.o
                0x00000fe0                xTaskCreate
 .text.vTaskStartScheduler
                0x000011fc       0x62 FreeRTOS/src/tasks.o
                0x000011fc                vTaskStartScheduler
 .text.vTaskSuspendAll
                0x0000125e        0xc FreeRTOS/src/tasks.o
                0x0000125e                vTaskSuspendAll
 .text.xTaskGetTickCount
                0x0000126a       0x14 FreeRTOS/src/tasks.o
                0x0000126a                xTaskGetTickCount
 .text.xTaskIncrementTick
                0x0000127e      0x16e FreeRTOS/src/tasks.o
                0x0000127e                xTaskIncrementTick
 .text.xTaskResumeAll
                0x000013ec       0xf2 FreeRTOS/src/tasks.o
                0x000013ec                xTaskResumeAll
 .text.vTaskSwitchContext
                0x000014de      0x11a FreeRTOS/src/tasks.o
                0x000014de                vTaskSwitchContext
 .text.vTaskPlaceOnEventList
                0x000015f8       0x20 FreeRTOS/src/tasks.o
                0x000015f8                vTaskPlaceOnEventList
 .text.vTaskPlaceOnEventListRestricted
                0x00001618       0x30 FreeRTOS/src/tasks.o
                0x00001618                vTaskPlaceOnEventListRestricted
 .text.xTaskRemoveFromEventList
                0x00001648       0x8e FreeRTOS/src/tasks.o
                0x00001648                xTaskRemoveFromEventList
 .text.vTaskInternalSetTimeOutState
                0x000016d6       0x16 FreeRTOS/src/tasks.o
                0x000016d6                vTaskInternalSetTimeOutState
 .text.xTaskCheckForTimeOut
                0x000016ec       0x6a FreeRTOS/src/tasks.o
                0x000016ec                xTaskCheckForTimeOut
 .text.vTaskMissedYield
                0x00001756        0x8 FreeRTOS/src/tasks.o
                0x00001756                vTaskMissedYield
 .text.xTaskGetSchedulerState
                0x0000175e       0x1c FreeRTOS/src/tasks.o
                0x0000175e                xTaskGetSchedulerState
 .text.xTaskPriorityDisinherit
                0x0000177a       0x80 FreeRTOS/src/tasks.o
                0x0000177a                xTaskPriorityDisinherit
 .text.prvInsertTimerInActiveList
                0x000017fa       0x5e FreeRTOS/src/timers.o
 .text.prvCheckForValidListAndQueue
                0x00001858       0x50 FreeRTOS/src/timers.o
 .text.xTimerCreateTimerTask
                0x000018a8       0x40 FreeRTOS/src/timers.o
                0x000018a8                xTimerCreateTimerTask
 .text.xTimerGenericCommand
                0x000018e8       0x88 FreeRTOS/src/timers.o
                0x000018e8                xTimerGenericCommand
 .text.prvSampleTimeNow
                0x00001970       0xdc FreeRTOS/src/timers.o
 .text.vApplicationIdleHook
                0x00001a4c        0x2 FreeRTOS/src/variantHooks.o
                0x00001a4c                vApplicationIdleHook
 .text.vApplicationMallocFailedHook
                0x00001a4e       0x1a FreeRTOS/src/variantHooks.o
                0x00001a4e                vApplicationMallocFailedHook
 .text.vApplicationStackOverflowHook
                0x00001a68       0x1a FreeRTOS/src/variantHooks.o
                0x00001a68                vApplicationStackOverflowHook
 .text.my_co2_call_back
                0x00001a82       0x1a main.o
                0x00001a82                my_co2_call_back
 .text.get_CO2_task
                0x00001a9c       0x12 main.o
                0x00001a9c                get_CO2_task
 .text.get_T_and_H_task
                0x00001aae       0x90 main.o
                0x00001aae                get_T_and_H_task
 .text.init_T_H_sens
                0x00001b3e       0x10 main.o
                0x00001b3e                init_T_H_sens
 .text.init_CO2_sens
                0x00001b4e        0xa main.o
                0x00001b4e                init_CO2_sens
 .text.main     0x00001b58       0x56 main.o
                0x00001b58                main
 .text.avr-libc
                0x00001bae      0x74c c:/program files (x86)/atmel/studio/7.0/toolchain/avr8/avr8-gnu-toolchain/bin/../lib/gcc/avr/5.4.0/../../../../avr/lib/avr6\libprintf_flt.a(vfprintf_flt.o)
                0x00001bae                vfprintf
 .text._hihTwiCallback
                0x000022fa       0x5a ../Iot driver Library\libIotLibrary.a(hih8120.o)
 .text.hih8120Create
                0x00002354       0x2e ../Iot driver Library\libIotLibrary.a(hih8120.o)
                0x00002354                hih8120Create
 .text.hih8120Wakeup
                0x00002382       0x28 ../Iot driver Library\libIotLibrary.a(hih8120.o)
                0x00002382                hih8120Wakeup
 .text.hih8120Meassure
                0x000023aa       0x20 ../Iot driver Library\libIotLibrary.a(hih8120.o)
                0x000023aa                hih8120Meassure
 .text.hih8120GetHumidity
                0x000023ca       0x24 ../Iot driver Library\libIotLibrary.a(hih8120.o)
                0x000023ca                hih8120GetHumidity
 .text.hih8120GetTemperature
                0x000023ee       0x2e ../Iot driver Library\libIotLibrary.a(hih8120.o)
                0x000023ee                hih8120GetTemperature
 .text._serial_call_back
                0x0000241c       0xb6 ../Iot driver Library\libIotLibrary.a(mh_z19.o)
 .text.mh_z19_create
                0x000024d2       0x5c ../Iot driver Library\libIotLibrary.a(mh_z19.o)
                0x000024d2                mh_z19_create
 .text.mh_z19_take_meassuring
                0x0000252e       0x5e ../Iot driver Library\libIotLibrary.a(mh_z19.o)
                0x0000252e                mh_z19_take_meassuring
 .text.mh_z19_get_co2_ppm
                0x0000258c       0x22 ../Iot driver Library\libIotLibrary.a(mh_z19.o)
                0x0000258c                mh_z19_get_co2_ppm
 .text.serial_new_instance
                0x000025ae      0x12c ../Iot driver Library\libIotLibrary.a(serial.o)
                0x000025ae                serial_new_instance
 .text.serial_send_byte
                0x000026da       0x4a ../Iot driver Library\libIotLibrary.a(serial.o)
                0x000026da                serial_send_byte
 .text.serial_send_bytes
                0x00002724       0xa0 ../Iot driver Library\libIotLibrary.a(serial.o)
                0x00002724                serial_send_bytes
 .text.serial_get_byte
                0x000027c4       0x38 ../Iot driver Library\libIotLibrary.a(serial.o)
                0x000027c4                serial_get_byte
 .text.__vector_25
                0x000027fc       0xa4 ../Iot driver Library\libIotLibrary.a(serial.o)
                0x000027fc                __vector_25
 .text.__vector_26
                0x000028a0       0x88 ../Iot driver Library\libIotLibrary.a(serial.o)
                0x000028a0                __vector_26
 .text.__vector_36
                0x00002928       0xa4 ../Iot driver Library\libIotLibrary.a(serial.o)
                0x00002928                __vector_36
 .text.__vector_37
                0x000029cc       0x88 ../Iot driver Library\libIotLibrary.a(serial.o)
                0x000029cc                __vector_37
 .text.__vector_51
                0x00002a54       0xa4 ../Iot driver Library\libIotLibrary.a(serial.o)
                0x00002a54                __vector_51
 .text.__vector_52
                0x00002af8       0x88 ../Iot driver Library\libIotLibrary.a(serial.o)
                0x00002af8                __vector_52
 .text.__vector_54
                0x00002b80       0xa4 ../Iot driver Library\libIotLibrary.a(serial.o)
                0x00002b80                __vector_54
 .text.__vector_55
                0x00002c24       0x88 ../Iot driver Library\libIotLibrary.a(serial.o)
                0x00002c24                __vector_55
 .text.usart_getchar
                0x00002cac       0x2a ../Iot driver Library\libIotLibrary.a(stdio_driver.o)
 .text.usart_putchar
                0x00002cd6       0x12 ../Iot driver Library\libIotLibrary.a(stdio_driver.o)
 .text.stdioCreate
                0x00002ce8       0x52 ../Iot driver Library\libIotLibrary.a(stdio_driver.o)
                0x00002ce8                stdioCreate
 .text._initTwiInterface
                0x00002d3a       0x22 ../Iot driver Library\libIotLibrary.a(twi.o)
 .text.twiCreate
                0x00002d5c       0x9a ../Iot driver Library\libIotLibrary.a(twi.o)
                0x00002d5c                twiCreate
 .text.twiIsBusy
                0x00002df6        0x8 ../Iot driver Library\libIotLibrary.a(twi.o)
                0x00002df6                twiIsBusy
 .text.twiTransmit
                0x00002dfe       0x96 ../Iot driver Library\libIotLibrary.a(twi.o)
                0x00002dfe                twiTransmit
 .text.twiReceive
                0x00002e94       0x66 ../Iot driver Library\libIotLibrary.a(twi.o)
                0x00002e94                twiReceive
 .text.__vector_39
                0x00002efa      0x17a ../Iot driver Library\libIotLibrary.a(twi.o)
                0x00002efa                __vector_39
 .text.fifo_init
                0x00003074       0x38 ../Iot driver Library\libIotLibrary.a(fifo.o)
                0x00003074                fifo_init
 .text.avr-libc.fplib
                0x000030ac        0xa c:/program files (x86)/atmel/studio/7.0/toolchain/avr8/avr8-gnu-toolchain/bin/../lib/gcc/avr/5.4.0/../../../../avr/lib/avr6\libm.a(addsf3.o)
                0x000030ac                __subsf3
                0x000030ae                __addsf3
 .text.avr-libc.fplib
                0x000030b6       0xc0 c:/program files (x86)/atmel/studio/7.0/toolchain/avr8/avr8-gnu-toolchain/bin/../lib/gcc/avr/5.4.0/../../../../avr/lib/avr6\libm.a(addsf3x.o)
                0x000030d0                __addsf3x
 .text.avr-libc.fplib
                0x00003176        0x4 c:/program files (x86)/atmel/studio/7.0/toolchain/avr8/avr8-gnu-toolchain/bin/../lib/gcc/avr/5.4.0/../../../../avr/lib/avr6\libm.a(divsf3.o)
                0x00003176                __divsf3
 .text.avr-libc.fplib
                0x0000317a       0xcc c:/program files (x86)/atmel/studio/7.0/toolchain/avr8/avr8-gnu-toolchain/bin/../lib/gcc/avr/5.4.0/../../../../avr/lib/avr6\libm.a(divsf3x.o)
                0x00003190                __divsf3x
                0x00003194                __divsf3_pse
 .text.avr-libc.fplib
                0x00003246       0x58 c:/program files (x86)/atmel/studio/7.0/toolchain/avr8/avr8-gnu-toolchain/bin/../lib/gcc/avr/5.4.0/../../../../avr/lib/avr6\libm.a(fixunssfsi.o)
                0x00003246                __fixunssfsi
 .text.avr-libc.fplib
                0x0000329e       0x7a c:/program files (x86)/atmel/studio/7.0/toolchain/avr8/avr8-gnu-toolchain/bin/../lib/gcc/avr/5.4.0/../../../../avr/lib/avr6\libm.a(floatsisf.o)
                0x0000329e                __floatunsisf
                0x000032a2                __floatsisf
 .text.avr-libc.fplib
                0x00003318        0xc c:/program files (x86)/atmel/studio/7.0/toolchain/avr8/avr8-gnu-toolchain/bin/../lib/gcc/avr/5.4.0/../../../../avr/lib/avr6\libm.a(fp_inf.o)
                0x00003318                __fp_inf
 .text.avr-libc.fplib
                0x00003324        0x6 c:/program files (x86)/atmel/studio/7.0/toolchain/avr8/avr8-gnu-toolchain/bin/../lib/gcc/avr/5.4.0/../../../../avr/lib/avr6\libm.a(fp_nan.o)
                0x00003324                __fp_nan
 .text.avr-libc.fplib
                0x0000332a        0xe c:/program files (x86)/atmel/studio/7.0/toolchain/avr8/avr8-gnu-toolchain/bin/../lib/gcc/avr/5.4.0/../../../../avr/lib/avr6\libm.a(fp_pscA.o)
                0x0000332a                __fp_pscA
 .text.avr-libc.fplib
                0x00003338        0xe c:/program files (x86)/atmel/studio/7.0/toolchain/avr8/avr8-gnu-toolchain/bin/../lib/gcc/avr/5.4.0/../../../../avr/lib/avr6\libm.a(fp_pscB.o)
                0x00003338                __fp_pscB
 .text.avr-libc.fplib
                0x00003346       0x22 c:/program files (x86)/atmel/studio/7.0/toolchain/avr8/avr8-gnu-toolchain/bin/../lib/gcc/avr/5.4.0/../../../../avr/lib/avr6\libm.a(fp_round.o)
                0x00003346                __fp_round
 .text.avr-libc.fplib
                0x00003368       0x44 c:/program files (x86)/atmel/studio/7.0/toolchain/avr8/avr8-gnu-toolchain/bin/../lib/gcc/avr/5.4.0/../../../../avr/lib/avr6\libm.a(fp_split3.o)
                0x00003368                __fp_split3
                0x00003378                __fp_splitA
 .text.avr-libc.fplib
                0x000033ac        0xe c:/program files (x86)/atmel/studio/7.0/toolchain/avr8/avr8-gnu-toolchain/bin/../lib/gcc/avr/5.4.0/../../../../avr/lib/avr6\libm.a(fp_zero.o)
                0x000033ac                __fp_zero
                0x000033ae                __fp_szero
 .text.avr-libc.fplib
                0x000033ba        0x4 c:/program files (x86)/atmel/studio/7.0/toolchain/avr8/avr8-gnu-toolchain/bin/../lib/gcc/avr/5.4.0/../../../../avr/lib/avr6\libm.a(mulsf3.o)
                0x000033ba                __mulsf3
 .text.avr-libc.fplib
                0x000033be       0xc2 c:/program files (x86)/atmel/studio/7.0/toolchain/avr8/avr8-gnu-toolchain/bin/../lib/gcc/avr/5.4.0/../../../../avr/lib/avr6\libm.a(mulsf3x.o)
                0x000033d2                __mulsf3x
                0x000033d6                __mulsf3_pse
 .text.libgcc.div
                0x00003480       0x44 c:/program files (x86)/atmel/studio/7.0/toolchain/avr8/avr8-gnu-toolchain/bin/../lib/gcc/avr/5.4.0/avr6\libgcc.a(_udivmodsi4.o)
                0x00003480                __udivmodsi4
 .text.libgcc   0x000034c4       0x10 c:/program files (x86)/atmel/studio/7.0/toolchain/avr8/avr8-gnu-toolchain/bin/../lib/gcc/avr/5.4.0/avr6\libgcc.a(_tablejump2.o)
                0x000034c4                __tablejump2__
 .text.avr-libc
                0x000034d4       0x34 c:/program files (x86)/atmel/studio/7.0/toolchain/avr8/avr8-gnu-toolchain/bin/../lib/gcc/avr/5.4.0/../../../../avr/lib/avr6\libc.a(calloc.o)
                0x000034d4                calloc
 .text.avr-libc
                0x00003508      0x242 c:/program files (x86)/atmel/studio/7.0/toolchain/avr8/avr8-gnu-toolchain/bin/../lib/gcc/avr/5.4.0/../../../../avr/lib/avr6\libc.a(malloc.o)
                0x00003508                malloc
                0x00003638                free
 .text.avr-libc
                0x0000374a        0x8 c:/program files (x86)/atmel/studio/7.0/toolchain/avr8/avr8-gnu-toolchain/bin/../lib/gcc/avr/5.4.0/../../../../avr/lib/avr6\libc.a(abort.o)
                0x0000374a                abort
 .text.avr-libc
                0x00003752      0x1b0 c:/program files (x86)/atmel/studio/7.0/toolchain/avr8/avr8-gnu-toolchain/bin/../lib/gcc/avr/5.4.0/../../../../avr/lib/avr6\libc.a(ftoa_engine.o)
                0x00003752                __ftoa_engine
 .text.avr-libc
                0x00003902       0x16 c:/program files (x86)/atmel/studio/7.0/toolchain/avr8/avr8-gnu-toolchain/bin/../lib/gcc/avr/5.4.0/../../../../avr/lib/avr6\libc.a(strnlen_P.o)
                0x00003902                strnlen_P
 .text.avr-libc
                0x00003918       0x12 c:/program files (x86)/atmel/studio/7.0/toolchain/avr8/avr8-gnu-toolchain/bin/../lib/gcc/avr/5.4.0/../../../../avr/lib/avr6\libc.a(memcpy.o)
                0x00003918                memcpy
 .text.avr-libc
                0x0000392a        0xe c:/program files (x86)/atmel/studio/7.0/toolchain/avr8/avr8-gnu-toolchain/bin/../lib/gcc/avr/5.4.0/../../../../avr/lib/avr6\libc.a(memset.o)
                0x0000392a                memset
 .text.avr-libc
                0x00003938       0x16 c:/program files (x86)/atmel/studio/7.0/toolchain/avr8/avr8-gnu-toolchain/bin/../lib/gcc/avr/5.4.0/../../../../avr/lib/avr6\libc.a(strnlen.o)
                0x00003938                strnlen
 .text.avr-libc
                0x0000394e       0x78 c:/program files (x86)/atmel/studio/7.0/toolchain/avr8/avr8-gnu-toolchain/bin/../lib/gcc/avr/5.4.0/../../../../avr/lib/avr6\libc.a(fputc.o)
                0x0000394e                fputc
 .text.avr-libc
                0x000039c6       0x28 c:/program files (x86)/atmel/studio/7.0/toolchain/avr8/avr8-gnu-toolchain/bin/../lib/gcc/avr/5.4.0/../../../../avr/lib/avr6\libc.a(printf.o)
                0x000039c6                printf
 .text.avr-libc
                0x000039ee       0x60 c:/program files (x86)/atmel/studio/7.0/toolchain/avr8/avr8-gnu-toolchain/bin/../lib/gcc/avr/5.4.0/../../../../avr/lib/avr6\libc.a(puts.o)
                0x000039ee                puts
 .text.avr-libc
                0x00003a4e       0xbc c:/program files (x86)/atmel/studio/7.0/toolchain/avr8/avr8-gnu-toolchain/bin/../lib/gcc/avr/5.4.0/../../../../avr/lib/avr6\libc.a(ultoa_invert.o)
                0x00003a4e                __ultoa_invert
                0x00003b0a                . = ALIGN (0x2)
 *(.fini9)
 .fini9         0x00003b0a        0x0 c:/program files (x86)/atmel/studio/7.0/toolchain/avr8/avr8-gnu-toolchain/bin/../lib/gcc/avr/5.4.0/avr6\libgcc.a(_exit.o)
                0x00003b0a                _exit
                0x00003b0a                exit
 *(.fini9)
 *(.fini8)
 *(.fini8)
 *(.fini7)
 *(.fini7)
 *(.fini6)
 *(.fini6)
 *(.fini5)
 *(.fini5)
 *(.fini4)
 *(.fini4)
 *(.fini3)
 *(.fini3)
 *(.fini2)
 *(.fini2)
 *(.fini1)
 *(.fini1)
 *(.fini0)
 .fini0         0x00003b0a        0x4 c:/program files (x86)/atmel/studio/7.0/toolchain/avr8/avr8-gnu-toolchain/bin/../lib/gcc/avr/5.4.0/avr6\libgcc.a(_exit.o)
 *(.fini0)
                0x00003b0e                _etext = .

.data           0x00800200       0xdc load address 0x00003b0e
                0x00800200                PROVIDE (__data_start, .)
 *(.data)
 .data          0x00800200        0x6 c:/program files (x86)/atmel/studio/7.0/toolchain/avr8/avr8-gnu-toolchain/bin/../lib/gcc/avr/5.4.0/../../../../avr/lib/avr6\libc.a(malloc.o)
                0x00800200                __malloc_heap_end
                0x00800202                __malloc_heap_start
                0x00800204                __malloc_margin
 *(.data*)
 .data.ppm      0x00800206        0x2 main.o
                0x00800206                ppm
 .data._temp    0x00800208        0x2 ../Iot driver Library\libIotLibrary.a(hih8120.o)
 .data._hum     0x0080020a        0x2 ../Iot driver Library\libIotLibrary.a(hih8120.o)
 .data._com_port_2_udr
                0x0080020c        0x8 ../Iot driver Library\libIotLibrary.a(serial.o)
                0x0080020c                _com_port_2_udr
 .data.mystdout.1881
                0x00800214        0xe ../Iot driver Library\libIotLibrary.a(stdio_driver.o)
 .data._twiCurrentState
                0x00800222        0x1 ../Iot driver Library\libIotLibrary.a(twi.o)
 *(.gnu.linkonce.d*)
 *(.rodata)
 .rodata        0x00800223       0x2d ../Iot driver Library\libIotLibrary.a(mh_z19.o)
 *(.rodata*)
 .rodata.str1.1
                0x00800250        0x5 FreeRTOS/src/tasks.o
 .rodata.str1.1
                0x00800255        0x8 FreeRTOS/src/timers.o
 .rodata.str1.1
                0x0080025d       0x7f main.o
 *(.gnu.linkonce.r*)
                0x008002dc                . = ALIGN (0x2)
                0x008002dc                _edata = .
                0x008002dc                PROVIDE (__data_end, .)

.bss            0x008002dc       0xc0
                0x008002dc                PROVIDE (__bss_start, .)
 *(.bss)
 *(.bss*)
 .bss.uxSchedulerSuspended
                0x008002dc        0x1 FreeRTOS/src/tasks.o
 .bss.xIdleTaskHandle
                0x008002dd        0x2 FreeRTOS/src/tasks.o
 .bss.xNextTaskUnblockTime
                0x008002df        0x2 FreeRTOS/src/tasks.o
 .bss.uxTaskNumber
                0x008002e1        0x1 FreeRTOS/src/tasks.o
 .bss.xNumOfOverflows
                0x008002e2        0x1 FreeRTOS/src/tasks.o
 .bss.xYieldPending
                0x008002e3        0x1 FreeRTOS/src/tasks.o
 .bss.uxPendedTicks
                0x008002e4        0x1 FreeRTOS/src/tasks.o
 .bss.xSchedulerRunning
                0x008002e5        0x1 FreeRTOS/src/tasks.o
 .bss.uxTopReadyPriority
                0x008002e6        0x1 FreeRTOS/src/tasks.o
 .bss.xTickCount
                0x008002e7        0x2 FreeRTOS/src/tasks.o
 .bss.uxCurrentNumberOfTasks
                0x008002e9        0x1 FreeRTOS/src/tasks.o
 .bss.xSuspendedTaskList
                0x008002ea        0x9 FreeRTOS/src/tasks.o
 .bss.uxDeletedTasksWaitingCleanUp
                0x008002f3        0x1 FreeRTOS/src/tasks.o
 .bss.xTasksWaitingTermination
                0x008002f4        0x9 FreeRTOS/src/tasks.o
 .bss.xPendingReadyList
                0x008002fd        0x9 FreeRTOS/src/tasks.o
 .bss.pxOverflowDelayedTaskList
                0x00800306        0x2 FreeRTOS/src/tasks.o
 .bss.pxDelayedTaskList
                0x00800308        0x2 FreeRTOS/src/tasks.o
 .bss.xDelayedTaskList2
                0x0080030a        0x9 FreeRTOS/src/tasks.o
 .bss.xDelayedTaskList1
                0x00800313        0x9 FreeRTOS/src/tasks.o
 .bss.pxReadyTasksLists
                0x0080031c       0x24 FreeRTOS/src/tasks.o
 .bss.pxCurrentTCB
                0x00800340        0x2 FreeRTOS/src/tasks.o
                0x00800340                pxCurrentTCB
 .bss.xLastTime.2432
                0x00800342        0x2 FreeRTOS/src/timers.o
 .bss.xTimerTaskHandle
                0x00800344        0x2 FreeRTOS/src/timers.o
 .bss.xTimerQueue
                0x00800346        0x2 FreeRTOS/src/timers.o
 .bss.pxOverflowTimerList
                0x00800348        0x2 FreeRTOS/src/timers.o
 .bss.pxCurrentTimerList
                0x0080034a        0x2 FreeRTOS/src/timers.o
 .bss.xActiveTimerList2
                0x0080034c        0x9 FreeRTOS/src/timers.o
 .bss.xActiveTimerList1
                0x00800355        0x9 FreeRTOS/src/timers.o
 .bss.x2Handle  0x0080035e        0x2 main.o
                0x0080035e                x2Handle
 .bss.x1Handle  0x00800360        0x2 main.o
                0x00800360                x1Handle
 .bss._measuringIsReady
                0x00800362        0x1 ../Iot driver Library\libIotLibrary.a(hih8120.o)
 .bss._hih8120Handler
                0x00800363        0x2 ../Iot driver Library\libIotLibrary.a(hih8120.o)
 .bss.data.1940
                0x00800365        0x2 ../Iot driver Library\libIotLibrary.a(mh_z19.o)
 .bss.inDex.1939
                0x00800367        0x1 ../Iot driver Library\libIotLibrary.a(mh_z19.o)
 .bss.crc_sum.1941
                0x00800368        0x1 ../Iot driver Library\libIotLibrary.a(mh_z19.o)
 .bss._app_call_back
                0x00800369        0x2 ../Iot driver Library\libIotLibrary.a(mh_z19.o)
 .bss._mh_state
                0x0080036b        0x1 ../Iot driver Library\libIotLibrary.a(mh_z19.o)
                0x0080036b                _mh_state
 .bss._ppm      0x0080036c        0x2 ../Iot driver Library\libIotLibrary.a(mh_z19.o)
 .bss._serial   0x0080036e        0x2 ../Iot driver Library\libIotLibrary.a(mh_z19.o)
 .bss._ser_handle
                0x00800370        0x8 ../Iot driver Library\libIotLibrary.a(serial.o)
 .bss._com_serial_instance
                0x00800378        0x2 ../Iot driver Library\libIotLibrary.a(stdio_driver.o)
 .bss._index.1885
                0x0080037a        0x1 ../Iot driver Library\libIotLibrary.a(twi.o)
 .bss._twiCurrentHandler
                0x0080037b        0x2 ../Iot driver Library\libIotLibrary.a(twi.o)
 .bss._twiMessageLen
                0x0080037d        0x1 ../Iot driver Library\libIotLibrary.a(twi.o)
 .bss._twiMessageBuffer
                0x0080037e        0xa ../Iot driver Library\libIotLibrary.a(twi.o)
 .bss._twiIsInitiated
                0x00800388        0x1 ../Iot driver Library\libIotLibrary.a(twi.o)
 *(COMMON)
 COMMON         0x00800389        0x9 main.o
                0x00800389                rc
                0x0080038a                temperature
                0x0080038e                humidity
 COMMON         0x00800392        0x4 c:/program files (x86)/atmel/studio/7.0/toolchain/avr8/avr8-gnu-toolchain/bin/../lib/gcc/avr/5.4.0/../../../../avr/lib/avr6\libc.a(malloc.o)
                0x00800392                __brkval
                0x00800394                __flp
 COMMON         0x00800396        0x6 c:/program files (x86)/atmel/studio/7.0/toolchain/avr8/avr8-gnu-toolchain/bin/../lib/gcc/avr/5.4.0/../../../../avr/lib/avr6\libc.a(iob.o)
                0x00800396                __iob
                0x0080039c                PROVIDE (__bss_end, .)
                0x00003b0e                __data_load_start = LOADADDR (.data)
                0x00003bea                __data_load_end = (__data_load_start + SIZEOF (.data))

.noinit         0x0080039c        0x0
                [!provide]                PROVIDE (__noinit_start, .)
 *(.noinit*)
                [!provide]                PROVIDE (__noinit_end, .)
                0x0080039c                _end = .
                0x0080039c                PROVIDE (__heap_start, .)

.eeprom         0x00810000        0x0
 *(.eeprom*)
                0x00810000                __eeprom_end = .

.fuse
 *(.fuse)
 *(.lfuse)
 *(.hfuse)
 *(.efuse)

.lock
 *(.lock*)

.signature
 *(.signature*)

.user_signatures
 *(.user_signatures*)

.stab
 *(.stab)

.stabstr
 *(.stabstr)

.stab.excl
 *(.stab.excl)

.stab.exclstr
 *(.stab.exclstr)

.stab.index
 *(.stab.index)

.stab.indexstr
 *(.stab.indexstr)

.comment        0x00000000       0x5c
 *(.comment)
 .comment       0x00000000       0x30 FreeRTOS/FreeRTOSTraceDriver/FreeRTOSTraceDriver.o
                                 0x31 (size before relaxing)
 .comment       0x00000030       0x31 FreeRTOS/src/heap_3.o
 .comment       0x00000030       0x31 FreeRTOS/src/list.o
 .comment       0x00000030       0x31 FreeRTOS/src/port.o
 .comment       0x00000030       0x31 FreeRTOS/src/queue.o
 .comment       0x00000030       0x31 FreeRTOS/src/tasks.o
 .comment       0x00000030       0x31 FreeRTOS/src/timers.o
 .comment       0x00000030       0x31 FreeRTOS/src/variantHooks.o
 .comment       0x00000030       0x31 main.o
 .comment       0x00000030       0x2c c:/program files (x86)/atmel/studio/7.0/toolchain/avr8/avr8-gnu-toolchain/bin/../lib/gcc/avr/5.4.0/../../../../avr/lib/avr6\libprintf_flt.a(vfprintf_flt.o)
                                 0x2d (size before relaxing)
 .comment       0x0000005c       0x31 ../Iot driver Library\libIotLibrary.a(hih8120.o)
 .comment       0x0000005c       0x31 ../Iot driver Library\libIotLibrary.a(mh_z19.o)
 .comment       0x0000005c       0x31 ../Iot driver Library\libIotLibrary.a(serial.o)
 .comment       0x0000005c       0x31 ../Iot driver Library\libIotLibrary.a(stdio_driver.o)
 .comment       0x0000005c       0x31 ../Iot driver Library\libIotLibrary.a(twi.o)
 .comment       0x0000005c       0x31 ../Iot driver Library\libIotLibrary.a(fifo.o)
 .comment       0x0000005c       0x31 c:/program files (x86)/atmel/studio/7.0/toolchain/avr8/avr8-gnu-toolchain/bin/../lib/gcc/avr/5.4.0/../../../../avr/lib/avr6\libc.a(calloc.o)
 .comment       0x0000005c       0x31 c:/program files (x86)/atmel/studio/7.0/toolchain/avr8/avr8-gnu-toolchain/bin/../lib/gcc/avr/5.4.0/../../../../avr/lib/avr6\libc.a(malloc.o)
 .comment       0x0000005c       0x31 c:/program files (x86)/atmel/studio/7.0/toolchain/avr8/avr8-gnu-toolchain/bin/../lib/gcc/avr/5.4.0/../../../../avr/lib/avr6\libc.a(fputc.o)
 .comment       0x0000005c       0x31 c:/program files (x86)/atmel/studio/7.0/toolchain/avr8/avr8-gnu-toolchain/bin/../lib/gcc/avr/5.4.0/../../../../avr/lib/avr6\libc.a(iob.o)
 .comment       0x0000005c       0x31 c:/program files (x86)/atmel/studio/7.0/toolchain/avr8/avr8-gnu-toolchain/bin/../lib/gcc/avr/5.4.0/../../../../avr/lib/avr6\libc.a(printf.o)
 .comment       0x0000005c       0x31 c:/program files (x86)/atmel/studio/7.0/toolchain/avr8/avr8-gnu-toolchain/bin/../lib/gcc/avr/5.4.0/../../../../avr/lib/avr6\libc.a(puts.o)

.note.gnu.avr.deviceinfo
                0x00000000       0x40
 .note.gnu.avr.deviceinfo
                0x00000000       0x40 C:/Program Files (x86)/Atmel/Studio/7.0/Packs/atmel/ATmega_DFP/1.2.209/gcc/dev/atmega2560/avr6/crtatmega2560.o

.note.gnu.build-id
 *(.note.gnu.build-id)

.debug
 *(.debug)

.line
 *(.line)

.debug_srcinfo
 *(.debug_srcinfo)

.debug_sfnames
 *(.debug_sfnames)

.debug_aranges  0x00000000      0x6b8
 *(.debug_aranges)
 .debug_aranges
                0x00000000       0x30 FreeRTOS/FreeRTOSTraceDriver/FreeRTOSTraceDriver.o
 .debug_aranges
                0x00000030       0x28 FreeRTOS/src/heap_3.o
 .debug_aranges
                0x00000058       0x40 FreeRTOS/src/list.o
 .debug_aranges
                0x00000098       0x48 FreeRTOS/src/port.o
 .debug_aranges
                0x000000e0       0xf8 FreeRTOS/src/queue.o
 .debug_aranges
                0x000001d8      0x1d8 FreeRTOS/src/tasks.o
 .debug_aranges
                0x000003b0       0xa0 FreeRTOS/src/timers.o
 .debug_aranges
                0x00000450       0x30 FreeRTOS/src/variantHooks.o
 .debug_aranges
                0x00000480       0x48 main.o
 .debug_aranges
                0x000004c8       0x68 ../Iot driver Library\libIotLibrary.a(hih8120.o)
 .debug_aranges
                0x00000530       0x50 ../Iot driver Library\libIotLibrary.a(mh_z19.o)
 .debug_aranges
                0x00000580       0x90 ../Iot driver Library\libIotLibrary.a(serial.o)
 .debug_aranges
                0x00000610       0x38 ../Iot driver Library\libIotLibrary.a(stdio_driver.o)
 .debug_aranges
                0x00000648       0x50 ../Iot driver Library\libIotLibrary.a(twi.o)
 .debug_aranges
                0x00000698       0x20 ../Iot driver Library\libIotLibrary.a(fifo.o)

.debug_pubnames
 *(.debug_pubnames)

.debug_info     0x00000000     0x8cb2
 *(.debug_info .gnu.linkonce.wi.*)
 .debug_info    0x00000000      0xbbc C:/Program Files (x86)/Atmel/Studio/7.0/Packs/atmel/ATmega_DFP/1.2.209/gcc/dev/atmega2560/avr6/crtatmega2560.o
 .debug_info    0x00000bbc       0xd3 FreeRTOS/FreeRTOSTraceDriver/FreeRTOSTraceDriver.o
 .debug_info    0x00000c8f      0x19f FreeRTOS/src/heap_3.o
 .debug_info    0x00000e2e      0x2df FreeRTOS/src/list.o
 .debug_info    0x0000110d      0x284 FreeRTOS/src/port.o
 .debug_info    0x00001391     0x18fc FreeRTOS/src/queue.o
 .debug_info    0x00002c8d     0x27ae FreeRTOS/src/tasks.o
 .debug_info    0x0000543b     0x1077 FreeRTOS/src/timers.o
 .debug_info    0x000064b2      0x1ba FreeRTOS/src/variantHooks.o
 .debug_info    0x0000666c      0x4f6 main.o
 .debug_info    0x00006b62      0x3a9 ../Iot driver Library\libIotLibrary.a(hih8120.o)
 .debug_info    0x00006f0b      0x538 ../Iot driver Library\libIotLibrary.a(mh_z19.o)
 .debug_info    0x00007443      0xdb3 ../Iot driver Library\libIotLibrary.a(serial.o)
 .debug_info    0x000081f6      0x39c ../Iot driver Library\libIotLibrary.a(stdio_driver.o)
 .debug_info    0x00008592      0x55d ../Iot driver Library\libIotLibrary.a(twi.o)
 .debug_info    0x00008aef      0x1c3 ../Iot driver Library\libIotLibrary.a(fifo.o)

.debug_abbrev   0x00000000     0x2720
 *(.debug_abbrev)
 .debug_abbrev  0x00000000      0xb1a C:/Program Files (x86)/Atmel/Studio/7.0/Packs/atmel/ATmega_DFP/1.2.209/gcc/dev/atmega2560/avr6/crtatmega2560.o
 .debug_abbrev  0x00000b1a       0x92 FreeRTOS/FreeRTOSTraceDriver/FreeRTOSTraceDriver.o
 .debug_abbrev  0x00000bac      0x107 FreeRTOS/src/heap_3.o
 .debug_abbrev  0x00000cb3       0xff FreeRTOS/src/list.o
 .debug_abbrev  0x00000db2      0x158 FreeRTOS/src/port.o
 .debug_abbrev  0x00000f0a      0x2d8 FreeRTOS/src/queue.o
 .debug_abbrev  0x000011e2      0x359 FreeRTOS/src/tasks.o
 .debug_abbrev  0x0000153b      0x30f FreeRTOS/src/timers.o
 .debug_abbrev  0x0000184a      0x101 FreeRTOS/src/variantHooks.o
 .debug_abbrev  0x0000194b      0x221 main.o
 .debug_abbrev  0x00001b6c      0x184 ../Iot driver Library\libIotLibrary.a(hih8120.o)
 .debug_abbrev  0x00001cf0      0x20f ../Iot driver Library\libIotLibrary.a(mh_z19.o)
 .debug_abbrev  0x00001eff      0x364 ../Iot driver Library\libIotLibrary.a(serial.o)
 .debug_abbrev  0x00002263      0x1be ../Iot driver Library\libIotLibrary.a(stdio_driver.o)
 .debug_abbrev  0x00002421      0x217 ../Iot driver Library\libIotLibrary.a(twi.o)
 .debug_abbrev  0x00002638       0xe8 ../Iot driver Library\libIotLibrary.a(fifo.o)

.debug_line     0x00000000     0x45c9
 *(.debug_line .debug_line.* .debug_line_end)
 .debug_line    0x00000000      0x1f9 C:/Program Files (x86)/Atmel/Studio/7.0/Packs/atmel/ATmega_DFP/1.2.209/gcc/dev/atmega2560/avr6/crtatmega2560.o
 .debug_line    0x000001f9       0xfd FreeRTOS/FreeRTOSTraceDriver/FreeRTOSTraceDriver.o
 .debug_line    0x000002f6      0x175 FreeRTOS/src/heap_3.o
 .debug_line    0x0000046b      0x1da FreeRTOS/src/list.o
 .debug_line    0x00000645      0x312 FreeRTOS/src/port.o
 .debug_line    0x00000957      0xbfa FreeRTOS/src/queue.o
 .debug_line    0x00001551     0x1656 FreeRTOS/src/tasks.o
 .debug_line    0x00002ba7      0x562 FreeRTOS/src/timers.o
 .debug_line    0x00003109      0x18a FreeRTOS/src/variantHooks.o
 .debug_line    0x00003293      0x28b main.o
 .debug_line    0x0000351e      0x246 ../Iot driver Library\libIotLibrary.a(hih8120.o)
 .debug_line    0x00003764      0x2d6 ../Iot driver Library\libIotLibrary.a(mh_z19.o)
 .debug_line    0x00003a3a      0x636 ../Iot driver Library\libIotLibrary.a(serial.o)
 .debug_line    0x00004070      0x13a ../Iot driver Library\libIotLibrary.a(stdio_driver.o)
 .debug_line    0x000041aa      0x306 ../Iot driver Library\libIotLibrary.a(twi.o)
 .debug_line    0x000044b0      0x119 ../Iot driver Library\libIotLibrary.a(fifo.o)

.debug_frame    0x00000000     0x15bc
 *(.debug_frame)
 .debug_frame   0x00000000       0x44 FreeRTOS/FreeRTOSTraceDriver/FreeRTOSTraceDriver.o
 .debug_frame   0x00000044       0x4c FreeRTOS/src/heap_3.o
 .debug_frame   0x00000090       0x88 FreeRTOS/src/list.o
 .debug_frame   0x00000118       0x74 FreeRTOS/src/port.o
 .debug_frame   0x0000018c      0x3cc FreeRTOS/src/queue.o
 .debug_frame   0x00000558      0x69c FreeRTOS/src/tasks.o
 .debug_frame   0x00000bf4      0x1cc FreeRTOS/src/timers.o
 .debug_frame   0x00000dc0       0x44 FreeRTOS/src/variantHooks.o
 .debug_frame   0x00000e04       0xa8 main.o
 .debug_frame   0x00000eac       0xc0 ../Iot driver Library\libIotLibrary.a(hih8120.o)
 .debug_frame   0x00000f6c       0xf8 ../Iot driver Library\libIotLibrary.a(mh_z19.o)
 .debug_frame   0x00001064      0x384 ../Iot driver Library\libIotLibrary.a(serial.o)
 .debug_frame   0x000013e8       0x84 ../Iot driver Library\libIotLibrary.a(stdio_driver.o)
 .debug_frame   0x0000146c      0x12c ../Iot driver Library\libIotLibrary.a(twi.o)
 .debug_frame   0x00001598       0x24 ../Iot driver Library\libIotLibrary.a(fifo.o)

.debug_str      0x00000000     0x2d60
 *(.debug_str)
 .debug_str     0x00000000      0x3e6 C:/Program Files (x86)/Atmel/Studio/7.0/Packs/atmel/ATmega_DFP/1.2.209/gcc/dev/atmega2560/avr6/crtatmega2560.o
 .debug_str     0x000003e6      0x197 FreeRTOS/FreeRTOSTraceDriver/FreeRTOSTraceDriver.o
                                0x1cb (size before relaxing)
 .debug_str     0x0000057d       0x9d FreeRTOS/src/heap_3.o
                                0x1fd (size before relaxing)
 .debug_str     0x0000061a      0x154 FreeRTOS/src/list.o
                                0x2c8 (size before relaxing)
 .debug_str     0x0000076e      0x130 FreeRTOS/src/port.o
                                0x2b5 (size before relaxing)
 .debug_str     0x0000089e      0x6e4 FreeRTOS/src/queue.o
                                0x9be (size before relaxing)
 .debug_str     0x00000f82      0xbd1 FreeRTOS/src/tasks.o
                               0x1169 (size before relaxing)
 .debug_str     0x00001b53      0x43f FreeRTOS/src/timers.o
                                0x856 (size before relaxing)
 .debug_str     0x00001f92       0x61 FreeRTOS/src/variantHooks.o
                                0x25c (size before relaxing)
 .debug_str     0x00001ff3      0x1e6 main.o
                                0x401 (size before relaxing)
 .debug_str     0x000021d9      0x28c ../Iot driver Library\libIotLibrary.a(hih8120.o)
                                0x44a (size before relaxing)
 .debug_str     0x00002465      0x211 ../Iot driver Library\libIotLibrary.a(mh_z19.o)
                                0x47a (size before relaxing)
 .debug_str     0x00002676      0x348 ../Iot driver Library\libIotLibrary.a(serial.o)
                                0x639 (size before relaxing)
 .debug_str     0x000029be       0xa4 ../Iot driver Library\libIotLibrary.a(stdio_driver.o)
                                0x378 (size before relaxing)
 .debug_str     0x00002a62      0x2de ../Iot driver Library\libIotLibrary.a(twi.o)
                                0x5a8 (size before relaxing)
 .debug_str     0x00002d40       0x20 ../Iot driver Library\libIotLibrary.a(fifo.o)
                                0x237 (size before relaxing)

.debug_loc      0x00000000     0x7c36
 *(.debug_loc)
 .debug_loc     0x00000000       0x42 FreeRTOS/FreeRTOSTraceDriver/FreeRTOSTraceDriver.o
 .debug_loc     0x00000042      0x102 FreeRTOS/src/heap_3.o
 .debug_loc     0x00000144      0x145 FreeRTOS/src/list.o
 .debug_loc     0x00000289      0x2af FreeRTOS/src/port.o
 .debug_loc     0x00000538     0x1dc0 FreeRTOS/src/queue.o
 .debug_loc     0x000022f8     0x2e78 FreeRTOS/src/tasks.o
 .debug_loc     0x00005170      0xbed FreeRTOS/src/timers.o
 .debug_loc     0x00005d5d       0xb6 FreeRTOS/src/variantHooks.o
 .debug_loc     0x00005e13      0x120 main.o
 .debug_loc     0x00005f33       0x9f ../Iot driver Library\libIotLibrary.a(hih8120.o)
 .debug_loc     0x00005fd2      0x3cd ../Iot driver Library\libIotLibrary.a(mh_z19.o)
 .debug_loc     0x0000639f     0x1080 ../Iot driver Library\libIotLibrary.a(serial.o)
 .debug_loc     0x0000741f      0x144 ../Iot driver Library\libIotLibrary.a(stdio_driver.o)
 .debug_loc     0x00007563      0x575 ../Iot driver Library\libIotLibrary.a(twi.o)
 .debug_loc     0x00007ad8      0x15e ../Iot driver Library\libIotLibrary.a(fifo.o)

.debug_macinfo
 *(.debug_macinfo)

.debug_weaknames
 *(.debug_weaknames)

.debug_funcnames
 *(.debug_funcnames)

.debug_typenames
 *(.debug_typenames)

.debug_varnames
 *(.debug_varnames)

.debug_pubtypes
 *(.debug_pubtypes)

.debug_ranges   0x00000000      0x748
 *(.debug_ranges)
 .debug_ranges  0x00000000       0x20 FreeRTOS/FreeRTOSTraceDriver/FreeRTOSTraceDriver.o
 .debug_ranges  0x00000020       0x18 FreeRTOS/src/heap_3.o
 .debug_ranges  0x00000038       0x30 FreeRTOS/src/list.o
 .debug_ranges  0x00000068       0x38 FreeRTOS/src/port.o
 .debug_ranges  0x000000a0      0x178 FreeRTOS/src/queue.o
 .debug_ranges  0x00000218      0x240 FreeRTOS/src/tasks.o
 .debug_ranges  0x00000458       0xf0 FreeRTOS/src/timers.o
 .debug_ranges  0x00000548       0x20 FreeRTOS/src/variantHooks.o
 .debug_ranges  0x00000568       0x38 main.o
 .debug_ranges  0x000005a0       0x58 ../Iot driver Library\libIotLibrary.a(hih8120.o)
 .debug_ranges  0x000005f8       0x40 ../Iot driver Library\libIotLibrary.a(mh_z19.o)
 .debug_ranges  0x00000638       0x98 ../Iot driver Library\libIotLibrary.a(serial.o)
 .debug_ranges  0x000006d0       0x28 ../Iot driver Library\libIotLibrary.a(stdio_driver.o)
 .debug_ranges  0x000006f8       0x40 ../Iot driver Library\libIotLibrary.a(twi.o)
 .debug_ranges  0x00000738       0x10 ../Iot driver Library\libIotLibrary.a(fifo.o)

.debug_macro
 *(.debug_macro)
OUTPUT(IMS1.elf elf32-avr)
LOAD linker stubs
