Archive member included to satisfy reference by file (symbol)

c:/program files (x86)/atmel/studio/7.0/toolchain/avr8/avr8-gnu-toolchain/bin/../lib/gcc/avr/5.4.0/../../../../avr/lib/avr6\libm.a(fixunssfsi.o)
                              main.o (__fixunssfsi)
c:/program files (x86)/atmel/studio/7.0/toolchain/avr8/avr8-gnu-toolchain/bin/../lib/gcc/avr/5.4.0/../../../../avr/lib/avr6\libm.a(fp_split3.o)
                              c:/program files (x86)/atmel/studio/7.0/toolchain/avr8/avr8-gnu-toolchain/bin/../lib/gcc/avr/5.4.0/../../../../avr/lib/avr6\libm.a(fixunssfsi.o) (__fp_splitA)
c:/program files (x86)/atmel/studio/7.0/toolchain/avr8/avr8-gnu-toolchain/bin/../lib/gcc/avr/5.4.0/../../../../avr/lib/avr6\libm.a(fp_zero.o)
                              c:/program files (x86)/atmel/studio/7.0/toolchain/avr8/avr8-gnu-toolchain/bin/../lib/gcc/avr/5.4.0/../../../../avr/lib/avr6\libm.a(fixunssfsi.o) (__fp_zero)
c:/program files (x86)/atmel/studio/7.0/toolchain/avr8/avr8-gnu-toolchain/bin/../lib/gcc/avr/5.4.0/../../../../avr/lib/avr6\libm.a(mulsf3.o)
                              main.o (__mulsf3)
c:/program files (x86)/atmel/studio/7.0/toolchain/avr8/avr8-gnu-toolchain/bin/../lib/gcc/avr/5.4.0/../../../../avr/lib/avr6\libm.a(mulsf3x.o)
                              c:/program files (x86)/atmel/studio/7.0/toolchain/avr8/avr8-gnu-toolchain/bin/../lib/gcc/avr/5.4.0/../../../../avr/lib/avr6\libm.a(mulsf3.o) (__mulsf3x)
c:/program files (x86)/atmel/studio/7.0/toolchain/avr8/avr8-gnu-toolchain/bin/../lib/gcc/avr/5.4.0/../../../../avr/lib/avr6\libm.a(round.o)
                              main.o (round)
c:/program files (x86)/atmel/studio/7.0/toolchain/avr8/avr8-gnu-toolchain/bin/../lib/gcc/avr/5.4.0/../../../../avr/lib/avr6\libm.a(fp_inf.o)
                              c:/program files (x86)/atmel/studio/7.0/toolchain/avr8/avr8-gnu-toolchain/bin/../lib/gcc/avr/5.4.0/../../../../avr/lib/avr6\libm.a(mulsf3x.o) (__fp_inf)
c:/program files (x86)/atmel/studio/7.0/toolchain/avr8/avr8-gnu-toolchain/bin/../lib/gcc/avr/5.4.0/../../../../avr/lib/avr6\libm.a(fp_mintl.o)
                              c:/program files (x86)/atmel/studio/7.0/toolchain/avr8/avr8-gnu-toolchain/bin/../lib/gcc/avr/5.4.0/../../../../avr/lib/avr6\libm.a(round.o) (__fp_mintl)
c:/program files (x86)/atmel/studio/7.0/toolchain/avr8/avr8-gnu-toolchain/bin/../lib/gcc/avr/5.4.0/../../../../avr/lib/avr6\libm.a(fp_mpack.o)
                              c:/program files (x86)/atmel/studio/7.0/toolchain/avr8/avr8-gnu-toolchain/bin/../lib/gcc/avr/5.4.0/../../../../avr/lib/avr6\libm.a(round.o) (__fp_mpack)
c:/program files (x86)/atmel/studio/7.0/toolchain/avr8/avr8-gnu-toolchain/bin/../lib/gcc/avr/5.4.0/../../../../avr/lib/avr6\libm.a(fp_nan.o)
                              c:/program files (x86)/atmel/studio/7.0/toolchain/avr8/avr8-gnu-toolchain/bin/../lib/gcc/avr/5.4.0/../../../../avr/lib/avr6\libm.a(mulsf3x.o) (__fp_nan)
c:/program files (x86)/atmel/studio/7.0/toolchain/avr8/avr8-gnu-toolchain/bin/../lib/gcc/avr/5.4.0/../../../../avr/lib/avr6\libm.a(fp_pscA.o)
                              c:/program files (x86)/atmel/studio/7.0/toolchain/avr8/avr8-gnu-toolchain/bin/../lib/gcc/avr/5.4.0/../../../../avr/lib/avr6\libm.a(mulsf3x.o) (__fp_pscA)
c:/program files (x86)/atmel/studio/7.0/toolchain/avr8/avr8-gnu-toolchain/bin/../lib/gcc/avr/5.4.0/../../../../avr/lib/avr6\libm.a(fp_pscB.o)
                              c:/program files (x86)/atmel/studio/7.0/toolchain/avr8/avr8-gnu-toolchain/bin/../lib/gcc/avr/5.4.0/../../../../avr/lib/avr6\libm.a(mulsf3x.o) (__fp_pscB)
c:/program files (x86)/atmel/studio/7.0/toolchain/avr8/avr8-gnu-toolchain/bin/../lib/gcc/avr/5.4.0/../../../../avr/lib/avr6\libm.a(fp_round.o)
                              c:/program files (x86)/atmel/studio/7.0/toolchain/avr8/avr8-gnu-toolchain/bin/../lib/gcc/avr/5.4.0/../../../../avr/lib/avr6\libm.a(mulsf3.o) (__fp_round)
c:/program files (x86)/atmel/studio/7.0/toolchain/avr8/avr8-gnu-toolchain/bin/../lib/gcc/avr/5.4.0/../../../../avr/lib/avr6\libprintf_flt.a(vfprintf_flt.o)
                              (vfprintf)
../Iot driver Library\libIotLibrary.a(hal.o)
                              main.o (hal_create)
../Iot driver Library\libIotLibrary.a(hih8120.o)
                              main.o (hih8120Create)
../Iot driver Library\libIotLibrary.a(led.o)
                              ../Iot driver Library\libIotLibrary.a(hal.o) (led_create)
../Iot driver Library\libIotLibrary.a(lora_driver.o)
                              main.o (lora_driver_flush_buffers)
../Iot driver Library\libIotLibrary.a(lora_driver_utils.o)
                              ../Iot driver Library\libIotLibrary.a(lora_driver.o) (decode_port_no)
../Iot driver Library\libIotLibrary.a(mega_register_access.o)
                              ../Iot driver Library\libIotLibrary.a(hal.o) (reg_read_register)
../Iot driver Library\libIotLibrary.a(mh_z19.o)
                              main.o (mh_z19_create)
[...]
Memory Configuration

Name             Origin             Length             Attributes
text             0x00000000         0x00100000         xr
data             0x00800200         0x0000fe00         rw !x
eeprom           0x00810000         0x00010000         rw !x
fuse             0x00820000         0x00000003         rw !x
lock             0x00830000         0x00000400         rw !x
signature        0x00840000         0x00000400         rw !x
user_signatures  0x00850000         0x00000400         rw !x
*default*        0x00000000         0xffffffff

Linker script and memory map

Address of section .data set to 0x800200
LOAD C:/Program Files (x86)/Atmel/Studio/7.0/Packs/atmel/ATmega_DFP/1.2.209/gcc/dev/atmega2560/avr6/crtatmega2560.o
LOAD FreeRTOS/FreeRTOSTraceDriver/FreeRTOSTraceDriver.o
LOAD FreeRTOS/src/croutine.o
LOAD FreeRTOS/src/event_groups.o
LOAD FreeRTOS/src/heap_3.o
LOAD FreeRTOS/src/list.o
LOAD FreeRTOS/src/port.o
LOAD FreeRTOS/src/queue.o
LOAD FreeRTOS/src/stream_buffer.o
LOAD FreeRTOS/src/tasks.o
LOAD FreeRTOS/src/timers.o
LOAD FreeRTOS/src/variantHooks.o
LOAD main.o
START GROUP
LOAD c:/program files (x86)/atmel/studio/7.0/toolchain/avr8/avr8-gnu-toolchain/bin/../lib/gcc/avr/5.4.0/../../../../avr/lib/avr6\libm.a
LOAD c:/program files (x86)/atmel/studio/7.0/toolchain/avr8/avr8-gnu-toolchain/bin/../lib/gcc/avr/5.4.0/../../../../avr/lib/avr6\libprintf_flt.a
LOAD ../Iot driver Library\libIotLibrary.a
LOAD c:/program files (x86)/atmel/studio/7.0/toolchain/avr8/avr8-gnu-toolchain/bin/../lib/gcc/avr/5.4.0/../../../../avr/lib\libserialLib.a
END GROUP
LOAD c:/program files (x86)/atmel/studio/7.0/toolchain/avr8/avr8-gnu-toolchain/bin/../lib/gcc/avr/5.4.0/../../../../avr/lib/avr6\libprintf_flt.a
START GROUP
LOAD c:/program files (x86)/atmel/studio/7.0/toolchain/avr8/avr8-gnu-toolchain/bin/../lib/gcc/avr/5.4.0/avr6\libgcc.a
LOAD c:/program files (x86)/atmel/studio/7.0/toolchain/avr8/avr8-gnu-toolchain/bin/../lib/gcc/avr/5.4.0/../../../../avr/lib/avr6\libm.a
LOAD c:/program files (x86)/atmel/studio/7.0/toolchain/avr8/avr8-gnu-toolchain/bin/../lib/gcc/avr/5.4.0/../../../../avr/lib/avr6\libc.a
LOAD C:/Program Files (x86)/Atmel/Studio/7.0/Packs/atmel/ATmega_DFP/1.2.209/gcc/dev/atmega2560/avr6\libatmega2560.a
END GROUP
                0x00100000                __TEXT_REGION_LENGTH__ = DEFINED (__TEXT_REGION_LENGTH__)?__TEXT_REGION_LENGTH__:0x100000
                0x0000fe00                __DATA_REGION_LENGTH__ = DEFINED (__DATA_REGION_LENGTH__)?__DATA_REGION_LENGTH__:0xfe00
                0x00010000                __EEPROM_REGION_LENGTH__ = DEFINED (__EEPROM_REGION_LENGTH__)?__EEPROM_REGION_LENGTH__:0x10000
                [0x00000003]                __FUSE_REGION_LENGTH__ = DEFINED (__FUSE_REGION_LENGTH__)?__FUSE_REGION_LENGTH__:0x400
                0x00000400                __LOCK_REGION_LENGTH__ = DEFINED (__LOCK_REGION_LENGTH__)?__LOCK_REGION_LENGTH__:0x400
                0x00000400                __SIGNATURE_REGION_LENGTH__ = DEFINED (__SIGNATURE_REGION_LENGTH__)?__SIGNATURE_REGION_LENGTH__:0x400
                0x00000400                __USER_SIGNATURE_REGION_LENGTH__ = DEFINED (__USER_SIGNATURE_REGION_LENGTH__)?__USER_SIGNATURE_REGION_LENGTH__:0x400

.hash
 *(.hash)

.dynsym
 *(.dynsym)

.dynstr
 *(.dynstr)

.gnu.version
 *(.gnu.version)

.gnu.version_d
 *(.gnu.version_d)

.gnu.version_r
 *(.gnu.version_r)

.rel.init
 *(.rel.init)

.rela.init
 *(.rela.init)

.rel.text
 *(.rel.text)
 *(.rel.text.*)
 *(.rel.gnu.linkonce.t*)

.rela.text
 *(.rela.text)
 *(.rela.text.*)
 *(.rela.gnu.linkonce.t*)

.rel.fini
 *(.rel.fini)

.rela.fini
 *(.rela.fini)

.rel.rodata
 *(.rel.rodata)
 *(.rel.rodata.*)
 *(.rel.gnu.linkonce.r*)

.rela.rodata
 *(.rela.rodata)
 *(.rela.rodata.*)
 *(.rela.gnu.linkonce.r*)

.rel.data
 *(.rel.data)
 *(.rel.data.*)
 *(.rel.gnu.linkonce.d*)

.rela.data
 *(.rela.data)
 *(.rela.data.*)
 *(.rela.gnu.linkonce.d*)

.rel.ctors
 *(.rel.ctors)

.rela.ctors
 *(.rela.ctors)

.rel.dtors
 *(.rel.dtors)

.rela.dtors
 *(.rela.dtors)

.rel.got
 *(.rel.got)

.rela.got
 *(.rela.got)

.rel.bss
 *(.rel.bss)

.rela.bss
 *(.rela.bss)

.rel.plt
 *(.rel.plt)

.rela.plt
 *(.rela.plt)

.text           0x00000000     0x5878
 *(.vectors)
 .vectors       0x00000000       0xe4 C:/Program Files (x86)/Atmel/Studio/7.0/Packs/atmel/ATmega_DFP/1.2.209/gcc/dev/atmega2560/avr6/crtatmega2560.o
                0x00000000                __vector_default
                0x00000000                __vectors
 *(.vectors)
 *(.progmem.gcc*)
 .progmem.gcc_sw_table
                0x000000e4       0x14 FreeRTOS/src/timers.o
 .progmem.gcc_sw_table.__vector_39
                0x000000f8       0xa2 ../Iot driver Library\libIotLibrary.a(twi.o)
                0x0000019a                . = ALIGN (0x2)
                0x0000019a                __trampolines_start = .
 *(.trampolines)
 .trampolines   0x0000019a        0x0 linker stubs
 *(.trampolines*)
                0x0000019a                __trampolines_end = .
 *libprintf_flt.a:*(.progmem.data)
 .progmem.data  0x0000019a        0x8 c:/program files (x86)/atmel/studio/7.0/toolchain/avr8/avr8-gnu-toolchain/bin/../lib/gcc/avr/5.4.0/../../../../avr/lib/avr6\libprintf_flt.a(vfprintf_flt.o)
 *libc.a:*(.progmem.data)
 .progmem.data  0x000001a2       0xfa c:/program files (x86)/atmel/studio/7.0/toolchain/avr8/avr8-gnu-toolchain/bin/../lib/gcc/avr/5.4.0/../../../../avr/lib/avr6\libc.a(ftoa_engine.o)
 *(.progmem*)
                0x0000029c                . = ALIGN (0x2)
 *(.jumptables)
 *(.jumptables*)
 *(.lowtext)
 .lowtext       0x0000029c       0x6c FreeRTOS/src/tasks.o
 .lowtext       0x00000308      0x206 FreeRTOS/src/timers.o
 *(.lowtext*)
                0x0000050e                __ctors_start = .
 *(.ctors)
                0x0000050e                __ctors_end = .
                0x0000050e                __dtors_start = .
 *(.dtors)
                0x0000050e                __dtors_end = .
 SORT(*)(.ctors)
 SORT(*)(.dtors)
 *(.init0)
 .init0         0x0000050e        0x0 C:/Program Files (x86)/Atmel/Studio/7.0/Packs/atmel/ATmega_DFP/1.2.209/gcc/dev/atmega2560/avr6/crtatmega2560.o
                0x0000050e                __init
 *(.init0)
 *(.init1)
 *(.init1)
 *(.init2)
 .init2         0x0000050e       0x10 C:/Program Files (x86)/Atmel/Studio/7.0/Packs/atmel/ATmega_DFP/1.2.209/gcc/dev/atmega2560/avr6/crtatmega2560.o
 *(.init2)
 *(.init3)
 *(.init3)
 *(.init4)
 .init4         0x0000051e       0x1a c:/program files (x86)/atmel/studio/7.0/toolchain/avr8/avr8-gnu-toolchain/bin/../lib/gcc/avr/5.4.0/avr6\libgcc.a(_copy_data.o)
                0x0000051e                __do_copy_data
 .init4         0x00000538       0x10 c:/program files (x86)/atmel/studio/7.0/toolchain/avr8/avr8-gnu-toolchain/bin/../lib/gcc/avr/5.4.0/avr6\libgcc.a(_clear_bss.o)
                0x00000538                __do_clear_bss
 *(.init4)
 *(.init5)
 *(.init5)
 *(.init6)
 *(.init6)
 *(.init7)
 *(.init7)
 *(.init8)
 *(.init8)
 *(.init9)
 .init9         0x00000548        0x8 C:/Program Files (x86)/Atmel/Studio/7.0/Packs/atmel/ATmega_DFP/1.2.209/gcc/dev/atmega2560/avr6/crtatmega2560.o
 *(.init9)
 *(.text)
 .text          0x00000550        0x2 C:/Program Files (x86)/Atmel/Studio/7.0/Packs/atmel/ATmega_DFP/1.2.209/gcc/dev/atmega2560/avr6/crtatmega2560.o
                0x00000550                __vector_38
                0x00000550                __vector_22
                0x00000550                __vector_28
                0x00000550                __vector_1
                0x00000550                __vector_32
                0x00000550                __vector_34
                0x00000550                __vector_24
                0x00000550                __vector_46
                0x00000550                __bad_interrupt
                0x00000550                __vector_6
                0x00000550                __vector_31
                0x00000550                __vector_35
                0x00000550                __vector_3
                0x00000550                __vector_23
                0x00000550                __vector_30
                0x00000550                __vector_45
                0x00000550                __vector_11
                0x00000550                __vector_13
                0x00000550                __vector_17
                0x00000550                __vector_19
                0x00000550                __vector_56
                0x00000550                __vector_7
                0x00000550                __vector_49
                0x00000550                __vector_41
                0x00000550                __vector_43
                0x00000550                __vector_27
                0x00000550                __vector_5
                0x00000550                __vector_33
                0x00000550                __vector_47
                0x00000550                __vector_4
                0x00000550                __vector_44
                0x00000550                __vector_9
                0x00000550                __vector_2
                0x00000550                __vector_21
                0x00000550                __vector_15
                0x00000550                __vector_29
                0x00000550                __vector_40
                0x00000550                __vector_8
                0x00000550                __vector_48
                0x00000550                __vector_14
                0x00000550                __vector_53
                0x00000550                __vector_10
                0x00000550                __vector_50
                0x00000550                __vector_16
                0x00000550                __vector_18
                0x00000550                __vector_20
                0x00000550                __vector_42
                0x00000552                . = ALIGN (0x2)
 *(.text.*)
 .text.task_switch_in
                0x00000552       0x14 FreeRTOS/FreeRTOSTraceDriver/FreeRTOSTraceDriver.o
                0x00000552                task_switch_in
 .text.task_switch_out
                0x00000566        0xc FreeRTOS/FreeRTOSTraceDriver/FreeRTOSTraceDriver.o
                0x00000566                task_switch_out
 .text.pvPortMalloc
                0x00000572       0x26 FreeRTOS/src/heap_3.o
                0x00000572                pvPortMalloc
 .text.vPortFree
                0x00000598       0x1e FreeRTOS/src/heap_3.o
                0x00000598                vPortFree
 .text.vListInitialise
                0x000005b6       0x1c FreeRTOS/src/list.o
                0x000005b6                vListInitialise
 .text.vListInitialiseItem
                0x000005d2        0x8 FreeRTOS/src/list.o
                0x000005d2                vListInitialiseItem
 .text.vListInsertEnd
                0x000005da       0x42 FreeRTOS/src/list.o
                0x000005da                vListInsertEnd
 .text.vListInsert
                0x0000061c       0x62 FreeRTOS/src/list.o
                0x0000061c                vListInsert
 .text.uxListRemove
                0x0000067e       0x4e FreeRTOS/src/list.o
                0x0000067e                uxListRemove
 .text.pxPortInitialiseStack
                0x000006cc       0xe4 FreeRTOS/src/port.o
                0x000006cc                pxPortInitialiseStack
 .text.xPortStartScheduler
                0x000007b0       0x78 FreeRTOS/src/port.o
                0x000007b0                xPortStartScheduler
 .text.vPortYield
                0x00000828       0xc2 FreeRTOS/src/port.o
                0x00000828                vPortYield
 .text.vPortYieldFromTick
                0x000008ea       0xc8 FreeRTOS/src/port.o
                0x000008ea                vPortYieldFromTick
 .text.__vector_12
                0x000009b2        0x4 FreeRTOS/src/port.o
                0x000009b2                __vector_12
 .text.prvIsQueueEmpty
                0x000009b6       0x16 FreeRTOS/src/queue.o
 .text.prvCopyDataToQueue
                0x000009cc       0xbe FreeRTOS/src/queue.o
 .text.prvCopyDataFromQueue
                0x00000a8a       0x34 FreeRTOS/src/queue.o
 .text.prvUnlockQueue
                0x00000abe       0x9a FreeRTOS/src/queue.o
 .text.xQueueGenericReset
                0x00000b58       0x86 FreeRTOS/src/queue.o
                0x00000b58                xQueueGenericReset
 .text.xQueueGenericCreate
                0x00000bde       0x5c FreeRTOS/src/queue.o
                0x00000bde                xQueueGenericCreate
 .text.xQueueGenericSend
                0x00000c3a      0x12a FreeRTOS/src/queue.o
                0x00000c3a                xQueueGenericSend
 .text.xQueueCreateMutex
                0x00000d64       0x30 FreeRTOS/src/queue.o
                0x00000d64                xQueueCreateMutex
 .text.xQueueGenericSendFromISR
                0x00000d94       0x70 FreeRTOS/src/queue.o
                0x00000d94                xQueueGenericSendFromISR
 .text.xQueueReceive
                0x00000e04      0x112 FreeRTOS/src/queue.o
                0x00000e04                xQueueReceive
 .text.xQueueSemaphoreTake
                0x00000f16      0x178 FreeRTOS/src/queue.o
                0x00000f16                xQueueSemaphoreTake
 .text.vQueueWaitForMessageRestricted
                0x0000108e       0x36 FreeRTOS/src/queue.o
                0x0000108e                vQueueWaitForMessageRestricted
 .text.prvBytesInBuffer
                0x000010c4       0x26 FreeRTOS/src/stream_buffer.o
 .text.prvWriteBytesToBuffer
                0x000010ea       0x92 FreeRTOS/src/stream_buffer.o
 .text.prvWriteMessageToBuffer
                0x0000117c       0x80 FreeRTOS/src/stream_buffer.o
 .text.prvReadBytesFromBuffer
                0x000011fc       0x9c FreeRTOS/src/stream_buffer.o
 .text.xStreamBufferGenericCreate
                0x00001298       0x58 FreeRTOS/src/stream_buffer.o
                0x00001298                xStreamBufferGenericCreate
 .text.xStreamBufferReset
                0x000012f0       0x5a FreeRTOS/src/stream_buffer.o
                0x000012f0                xStreamBufferReset
 .text.xStreamBufferSpacesAvailable
                0x0000134a       0x24 FreeRTOS/src/stream_buffer.o
                0x0000134a                xStreamBufferSpacesAvailable
 .text.xStreamBufferSendFromISR
                0x0000136e       0x84 FreeRTOS/src/stream_buffer.o
                0x0000136e                xStreamBufferSendFromISR
 .text.xStreamBufferReceive
                0x000013f2      0x134 FreeRTOS/src/stream_buffer.o
                0x000013f2                xStreamBufferReceive
 .text.prvResetNextTaskUnblockTime
                0x00001526       0x3e FreeRTOS/src/tasks.o
 .text.prvAddCurrentTaskToDelayedList
                0x00001564       0xa8 FreeRTOS/src/tasks.o
 .text.xTaskCreate
                0x0000160c      0x23c FreeRTOS/src/tasks.o
                0x0000160c                xTaskCreate
 .text.vTaskStartScheduler
                0x00001848       0x66 FreeRTOS/src/tasks.o
                0x00001848                vTaskStartScheduler
 .text.vTaskSuspendAll
                0x000018ae        0xc FreeRTOS/src/tasks.o
                0x000018ae                vTaskSuspendAll
 .text.xTaskGetTickCount
                0x000018ba       0x14 FreeRTOS/src/tasks.o
                0x000018ba                xTaskGetTickCount
 .text.xTaskIncrementTick
                0x000018ce      0x174 FreeRTOS/src/tasks.o
                0x000018ce                xTaskIncrementTick
 .text.xTaskResumeAll
                0x00001a42       0xfa FreeRTOS/src/tasks.o
                0x00001a42                xTaskResumeAll
 .text.vTaskDelay
                0x00001b3c       0x22 FreeRTOS/src/tasks.o
                0x00001b3c                vTaskDelay
 .text.vTaskSwitchContext
                0x00001b5e      0x11c FreeRTOS/src/tasks.o
                0x00001b5e                vTaskSwitchContext
 .text.vTaskPlaceOnEventList
                0x00001c7a       0x22 FreeRTOS/src/tasks.o
                0x00001c7a                vTaskPlaceOnEventList
 .text.vTaskPlaceOnEventListRestricted
                0x00001c9c       0x30 FreeRTOS/src/tasks.o
                0x00001c9c                vTaskPlaceOnEventListRestricted
 .text.xTaskRemoveFromEventList
                0x00001ccc       0x90 FreeRTOS/src/tasks.o
                0x00001ccc                xTaskRemoveFromEventList
 .text.vTaskInternalSetTimeOutState
                0x00001d5c       0x16 FreeRTOS/src/tasks.o
                0x00001d5c                vTaskInternalSetTimeOutState
 .text.xTaskCheckForTimeOut
                0x00001d72       0x6a FreeRTOS/src/tasks.o
                0x00001d72                xTaskCheckForTimeOut
 .text.vTaskMissedYield
                0x00001ddc        0x8 FreeRTOS/src/tasks.o
                0x00001ddc                vTaskMissedYield
 .text.xTaskGetCurrentTaskHandle
                0x00001de4        0xa FreeRTOS/src/tasks.o
                0x00001de4                xTaskGetCurrentTaskHandle
 .text.xTaskGetSchedulerState
                0x00001dee       0x1c FreeRTOS/src/tasks.o
                0x00001dee                xTaskGetSchedulerState
 .text.xTaskPriorityInherit
                0x00001e0a       0xe4 FreeRTOS/src/tasks.o
                0x00001e0a                xTaskPriorityInherit
 .text.xTaskPriorityDisinherit
                0x00001eee       0x80 FreeRTOS/src/tasks.o
                0x00001eee                xTaskPriorityDisinherit
 .text.vTaskPriorityDisinheritAfterTimeout
                0x00001f6e       0xa0 FreeRTOS/src/tasks.o
                0x00001f6e                vTaskPriorityDisinheritAfterTimeout
 .text.pvTaskIncrementMutexHeldCount
                0x0000200e       0x24 FreeRTOS/src/tasks.o
                0x0000200e                pvTaskIncrementMutexHeldCount
 .text.xTaskNotifyWait
                0x00002032      0x106 FreeRTOS/src/tasks.o
                0x00002032                xTaskNotifyWait
 .text.xTaskGenericNotify
                0x00002138       0xfc FreeRTOS/src/tasks.o
                0x00002138                xTaskGenericNotify
 .text.xTaskGenericNotifyFromISR
                0x00002234      0x120 FreeRTOS/src/tasks.o
                0x00002234                xTaskGenericNotifyFromISR
 .text.xTaskNotifyStateClear
                0x00002354       0x28 FreeRTOS/src/tasks.o
                0x00002354                xTaskNotifyStateClear
 .text.prvInsertTimerInActiveList
                0x0000237c       0x5e FreeRTOS/src/timers.o
 .text.prvCheckForValidListAndQueue
                0x000023da       0x52 FreeRTOS/src/timers.o
 .text.xTimerCreateTimerTask
                0x0000242c       0x40 FreeRTOS/src/timers.o
                0x0000242c                xTimerCreateTimerTask
 .text.xTimerCreate
                0x0000246c       0x6c FreeRTOS/src/timers.o
                0x0000246c                xTimerCreate
 .text.xTimerGenericCommand
                0x000024d8       0x8e FreeRTOS/src/timers.o
                0x000024d8                xTimerGenericCommand
 .text.prvSampleTimeNow
                0x00002566       0xdc FreeRTOS/src/timers.o
 .text.vApplicationIdleHook
                0x00002642        0x2 FreeRTOS/src/variantHooks.o
                0x00002642                vApplicationIdleHook
 .text.vApplicationMallocFailedHook
                0x00002644       0x1a FreeRTOS/src/variantHooks.o
                0x00002644                vApplicationMallocFailedHook
 .text.vApplicationStackOverflowHook
                0x0000265e       0x1a FreeRTOS/src/variantHooks.o
                0x0000265e                vApplicationStackOverflowHook
 .text.my_co2_call_back
                0x00002678       0x22 main.o
                0x00002678                my_co2_call_back
 .text.vTimerCallback1
                0x0000269a       0x18 main.o
                0x0000269a                vTimerCallback1
 .text.get_CO2_task
                0x000026b2       0x42 main.o
                0x000026b2                get_CO2_task
 .text.get_T_and_H_task
                0x000026f4       0xca main.o
                0x000026f4                get_T_and_H_task
 .text.lora_handler_task
                0x000027be      0x2e8 main.o
                0x000027be                lora_handler_task
 .text.init_T_H_sens
                0x00002aa6       0x10 main.o
                0x00002aa6                init_T_H_sens
 .text.init_CO2_sens
                0x00002ab6        0xc main.o
                0x00002ab6                init_CO2_sens
 .text.lora_handler_create
                0x00002ac2       0x28 main.o
                0x00002ac2                lora_handler_create
 .text.main     0x00002aea       0x8c main.o
                0x00002aea                main
 .text.avr-libc.fplib
                0x00002b76       0x58 c:/program files (x86)/atmel/studio/7.0/toolchain/avr8/avr8-gnu-toolchain/bin/../lib/gcc/avr/5.4.0/../../../../avr/lib/avr6\libm.a(fixunssfsi.o)
                0x00002b76                __fixunssfsi
 .text.avr-libc.fplib
                0x00002bce       0x44 c:/program files (x86)/atmel/studio/7.0/toolchain/avr8/avr8-gnu-toolchain/bin/../lib/gcc/avr/5.4.0/../../../../avr/lib/avr6\libm.a(fp_split3.o)
                0x00002bce                __fp_split3
                0x00002bde                __fp_splitA
 .text.avr-libc.fplib
                0x00002c12        0xe c:/program files (x86)/atmel/studio/7.0/toolchain/avr8/avr8-gnu-toolchain/bin/../lib/gcc/avr/5.4.0/../../../../avr/lib/avr6\libm.a(fp_zero.o)
                0x00002c12                __fp_zero
                0x00002c14                __fp_szero
 .text.avr-libc.fplib
                0x00002c20        0x4 c:/program files (x86)/atmel/studio/7.0/toolchain/avr8/avr8-gnu-toolchain/bin/../lib/gcc/avr/5.4.0/../../../../avr/lib/avr6\libm.a(mulsf3.o)
                0x00002c20                __mulsf3
 .text.avr-libc.fplib
                0x00002c24       0xc2 c:/program files (x86)/atmel/studio/7.0/toolchain/avr8/avr8-gnu-toolchain/bin/../lib/gcc/avr/5.4.0/../../../../avr/lib/avr6\libm.a(mulsf3x.o)
                0x00002c38                __mulsf3x
                0x00002c3c                __mulsf3_pse
 .text.avr-libc.fplib
                0x00002ce6       0x40 c:/program files (x86)/atmel/studio/7.0/toolchain/avr8/avr8-gnu-toolchain/bin/../lib/gcc/avr/5.4.0/../../../../avr/lib/avr6\libm.a(round.o)
                0x00002ce6                round
 .text.avr-libc.fplib
                0x00002d26        0xc c:/program files (x86)/atmel/studio/7.0/toolchain/avr8/avr8-gnu-toolchain/bin/../lib/gcc/avr/5.4.0/../../../../avr/lib/avr6\libm.a(fp_inf.o)
                0x00002d26                __fp_inf
 .text.avr-libc.fplib
                0x00002d32       0x36 c:/program files (x86)/atmel/studio/7.0/toolchain/avr8/avr8-gnu-toolchain/bin/../lib/gcc/avr/5.4.0/../../../../avr/lib/avr6\libm.a(fp_mintl.o)
                0x00002d32                __fp_mintl
 .text.avr-libc.fplib
                0x00002d68       0x1c c:/program files (x86)/atmel/studio/7.0/toolchain/avr8/avr8-gnu-toolchain/bin/../lib/gcc/avr/5.4.0/../../../../avr/lib/avr6\libm.a(fp_mpack.o)
                0x00002d68                __fp_mpack
                0x00002d6c                __fp_mpack_finite
 .text.avr-libc.fplib
                0x00002d84        0x6 c:/program files (x86)/atmel/studio/7.0/toolchain/avr8/avr8-gnu-toolchain/bin/../lib/gcc/avr/5.4.0/../../../../avr/lib/avr6\libm.a(fp_nan.o)
                0x00002d84                __fp_nan
 .text.avr-libc.fplib
                0x00002d8a        0xe c:/program files (x86)/atmel/studio/7.0/toolchain/avr8/avr8-gnu-toolchain/bin/../lib/gcc/avr/5.4.0/../../../../avr/lib/avr6\libm.a(fp_pscA.o)
                0x00002d8a                __fp_pscA
 .text.avr-libc.fplib
                0x00002d98        0xe c:/program files (x86)/atmel/studio/7.0/toolchain/avr8/avr8-gnu-toolchain/bin/../lib/gcc/avr/5.4.0/../../../../avr/lib/avr6\libm.a(fp_pscB.o)
                0x00002d98                __fp_pscB
 .text.avr-libc.fplib
                0x00002da6       0x22 c:/program files (x86)/atmel/studio/7.0/toolchain/avr8/avr8-gnu-toolchain/bin/../lib/gcc/avr/5.4.0/../../../../avr/lib/avr6\libm.a(fp_round.o)
                0x00002da6                __fp_round
 .text.avr-libc
                0x00002dc8      0x74c c:/program files (x86)/atmel/studio/7.0/toolchain/avr8/avr8-gnu-toolchain/bin/../lib/gcc/avr/5.4.0/../../../../avr/lib/avr6\libprintf_flt.a(vfprintf_flt.o)
                0x00002dc8                vfprintf
 .text.hal_create
                0x00003514       0x64 ../Iot driver Library\libIotLibrary.a(hal.o)
                0x00003514                hal_create
 .text._hihTwiCallback
                0x00003578       0x5a ../Iot driver Library\libIotLibrary.a(hih8120.o)
 .text.hih8120Create
                0x000035d2       0x30 ../Iot driver Library\libIotLibrary.a(hih8120.o)
                0x000035d2                hih8120Create
 .text.hih8120Wakeup
                0x00003602       0x2a ../Iot driver Library\libIotLibrary.a(hih8120.o)
                0x00003602                hih8120Wakeup
 .text.hih8120Meassure
                0x0000362c       0x22 ../Iot driver Library\libIotLibrary.a(hih8120.o)
                0x0000362c                hih8120Meassure
 .text.hih8120GetHumidity
                0x0000364e       0x28 ../Iot driver Library\libIotLibrary.a(hih8120.o)
                0x0000364e                hih8120GetHumidity
 .text.hih8120GetTemperature
                0x00003676       0x34 ../Iot driver Library\libIotLibrary.a(hih8120.o)
                0x00003676                hih8120GetTemperature
 .text._turn_off
                0x000036aa       0x5c ../Iot driver Library\libIotLibrary.a(led.o)
 .text._turn_on
                0x00003706       0x5c ../Iot driver Library\libIotLibrary.a(led.o)
 .text._hal_led_task
                0x00003762       0x88 ../Iot driver Library\libIotLibrary.a(led.o)
 .text.led_create
                0x000037ea      0x10a ../Iot driver Library\libIotLibrary.a(led.o)
                0x000037ea                led_create
 .text.led_slow_blink
                0x000038f4       0x4e ../Iot driver Library\libIotLibrary.a(led.o)
                0x000038f4                led_slow_blink
 .text.led_fast_blink
                0x00003942       0x4e ../Iot driver Library\libIotLibrary.a(led.o)
                0x00003942                led_fast_blink
 .text.led_led_on
                0x00003990       0x1e ../Iot driver Library\libIotLibrary.a(led.o)
                0x00003990                led_led_on
 .text.led_led_off
                0x000039ae       0x1e ../Iot driver Library\libIotLibrary.a(led.o)
                0x000039ae                led_led_off
 .text.led_long_puls
                0x000039cc       0x24 ../Iot driver Library\libIotLibrary.a(led.o)
                0x000039cc                led_long_puls
 .text.led_short_puls
                0x000039f0       0x24 ../Iot driver Library\libIotLibrary.a(led.o)
                0x000039f0                led_short_puls
 .text._serial_call_back
                0x00003a14       0x8c ../Iot driver Library\libIotLibrary.a(lora_driver.o)
 .text._upload_message
                0x00003aa0       0xb0 ../Iot driver Library\libIotLibrary.a(lora_driver.o)
 .text._reply2return_code
                0x00003b50       0x76 ../Iot driver Library\libIotLibrary.a(lora_driver.o)
 .text._upload_message_rc
                0x00003bc6        0x6 ../Iot driver Library\libIotLibrary.a(lora_driver.o)
 .text.lora_driver_flush_buffers
                0x00003bcc        0xe ../Iot driver Library\libIotLibrary.a(lora_driver.o)
                0x00003bcc                lora_driver_flush_buffers
 .text.lora_driver_create
                0x00003bda       0x78 ../Iot driver Library\libIotLibrary.a(lora_driver.o)
                0x00003bda                lora_driver_create
 .text.lora_driver_reset_rn2483
                0x00003c52       0x28 ../Iot driver Library\libIotLibrary.a(lora_driver.o)
                0x00003c52                lora_driver_reset_rn2483
 .text.lora_driver_rn2483_factory_reset
                0x00003c7a       0x24 ../Iot driver Library\libIotLibrary.a(lora_driver.o)
                0x00003c7a                lora_driver_rn2483_factory_reset
 .text.lora_driver_get_rn2483_hweui
                0x00003c9e       0x38 ../Iot driver Library\libIotLibrary.a(lora_driver.o)
                0x00003c9e                lora_driver_get_rn2483_hweui
 .text.lora_driver_set_device_identifier
                0x00003cd6       0x22 ../Iot driver Library\libIotLibrary.a(lora_driver.o)
                0x00003cd6                lora_driver_set_device_identifier
 .text.lora_driver_set_application_identifier
                0x00003cf8       0x22 ../Iot driver Library\libIotLibrary.a(lora_driver.o)
                0x00003cf8                lora_driver_set_application_identifier
 .text.lora_driver_set_application_key
                0x00003d1a       0x22 ../Iot driver Library\libIotLibrary.a(lora_driver.o)
                0x00003d1a                lora_driver_set_application_key
 .text.lora_driver_save_mac
                0x00003d3c        0xc ../Iot driver Library\libIotLibrary.a(lora_driver.o)
                0x00003d3c                lora_driver_save_mac
 .text.lora_driver_join
                0x00003d48       0x46 ../Iot driver Library\libIotLibrary.a(lora_driver.o)
                0x00003d48                lora_driver_join
 .text.lora_driver_sent_upload_message
                0x00003d8e      0x130 ../Iot driver Library\libIotLibrary.a(lora_driver.o)
                0x00003d8e                lora_driver_sent_upload_message
 .text.lora_driver_set_adaptive_data_rate
                0x00003ebe       0x16 ../Iot driver Library\libIotLibrary.a(lora_driver.o)
                0x00003ebe                lora_driver_set_adaptive_data_rate
 .text.lora_driver_configure_to_eu868
                0x00003ed4      0x1bc ../Iot driver Library\libIotLibrary.a(lora_driver.o)
                0x00003ed4                lora_driver_configure_to_eu868
 .text.lora_driver_set_otaa_identity
                0x00004090       0x42 ../Iot driver Library\libIotLibrary.a(lora_driver.o)
                0x00004090                lora_driver_set_otaa_identity
 .text.lora_driver_map_return_code_to_text
                0x000040d2       0x18 ../Iot driver Library\libIotLibrary.a(lora_driver.o)
                0x000040d2                lora_driver_map_return_code_to_text
 .text.decode_port_no
                0x000040ea       0x58 ../Iot driver Library\libIotLibrary.a(lora_driver_utils.o)
                0x000040ea                decode_port_no
 .text.decode_hexadecimal_string_bytes
                0x00004142       0x92 ../Iot driver Library\libIotLibrary.a(lora_driver_utils.o)
                0x00004142                decode_hexadecimal_string_bytes
 .text.reg_read_register
                0x000041d4        0x6 ../Iot driver Library\libIotLibrary.a(mega_register_access.o)
                0x000041d4                reg_read_register
 .text.reg_read_bit
                0x000041da       0x16 ../Iot driver Library\libIotLibrary.a(mega_register_access.o)
                0x000041da                reg_read_bit
 .text.reg_read_bits
                0x000041f0        0x8 ../Iot driver Library\libIotLibrary.a(mega_register_access.o)
                0x000041f0                reg_read_bits
 .text.reg_set_register
                0x000041f8        0x6 ../Iot driver Library\libIotLibrary.a(mega_register_access.o)
                0x000041f8                reg_set_register
 .text.reg_clear_register
                0x000041fe        0x6 ../Iot driver Library\libIotLibrary.a(mega_register_access.o)
                0x000041fe                reg_clear_register
 .text.reg_set_bit
                0x00004204       0x18 ../Iot driver Library\libIotLibrary.a(mega_register_access.o)
                0x00004204                reg_set_bit
 .text.reg_set_bits
                0x0000421c        0xa ../Iot driver Library\libIotLibrary.a(mega_register_access.o)
                0x0000421c                reg_set_bits
 .text.reg_toggle_bit
                0x00004226       0x18 ../Iot driver Library\libIotLibrary.a(mega_register_access.o)
                0x00004226                reg_toggle_bit
 .text.reg_toggle_bits
                0x0000423e        0xa ../Iot driver Library\libIotLibrary.a(mega_register_access.o)
                0x0000423e                reg_toggle_bits
 .text.reg_clear_bit
                0x00004248       0x1a ../Iot driver Library\libIotLibrary.a(mega_register_access.o)
                0x00004248                reg_clear_bit
 .text.reg_clear_bits
                0x00004262        0xc ../Iot driver Library\libIotLibrary.a(mega_register_access.o)
                0x00004262                reg_clear_bits
 .text._serial_call_back
                0x0000426e       0xb6 ../Iot driver Library\libIotLibrary.a(mh_z19.o)
 .text.mh_z19_create
                0x00004324       0x5c ../Iot driver Library\libIotLibrary.a(mh_z19.o)
                0x00004324                mh_z19_create
 .text.mh_z19_take_meassuring
                0x00004380       0x5e ../Iot driver Library\libIotLibrary.a(mh_z19.o)
                0x00004380                mh_z19_take_meassuring
 .text.mh_z19_get_co2_ppm
                0x000043de       0x22 ../Iot driver Library\libIotLibrary.a(mh_z19.o)
                0x000043de                mh_z19_get_co2_ppm
 .text.serial_new_instance
                0x00004400      0x130 ../Iot driver Library\libIotLibrary.a(serial.o)
                0x00004400                serial_new_instance
 .text.serial_send_byte
                0x00004530       0x4a ../Iot driver Library\libIotLibrary.a(serial.o)
                0x00004530                serial_send_byte
 .text.serial_send_bytes
                0x0000457a       0xa0 ../Iot driver Library\libIotLibrary.a(serial.o)
                0x0000457a                serial_send_bytes
 .text.serial_get_byte
                0x0000461a       0x38 ../Iot driver Library\libIotLibrary.a(serial.o)
                0x0000461a                serial_get_byte
 .text.__vector_25
                0x00004652       0xa4 ../Iot driver Library\libIotLibrary.a(serial.o)
                0x00004652                __vector_25
 .text.__vector_26
                0x000046f6       0x88 ../Iot driver Library\libIotLibrary.a(serial.o)
                0x000046f6                __vector_26
 .text.__vector_36
                0x0000477e       0xa4 ../Iot driver Library\libIotLibrary.a(serial.o)
                0x0000477e                __vector_36
 .text.__vector_37
                0x00004822       0x88 ../Iot driver Library\libIotLibrary.a(serial.o)
                0x00004822                __vector_37
 .text.__vector_51
                0x000048aa       0xa4 ../Iot driver Library\libIotLibrary.a(serial.o)
                0x000048aa                __vector_51
 .text.__vector_52
                0x0000494e       0x88 ../Iot driver Library\libIotLibrary.a(serial.o)
                0x0000494e                __vector_52
 .text.__vector_54
                0x000049d6       0xa4 ../Iot driver Library\libIotLibrary.a(serial.o)
                0x000049d6                __vector_54
 .text.__vector_55
                0x00004a7a       0x88 ../Iot driver Library\libIotLibrary.a(serial.o)
                0x00004a7a                __vector_55
 .text.usart_getchar
                0x00004b02       0x2a ../Iot driver Library\libIotLibrary.a(stdio_driver.o)
 .text.usart_putchar
                0x00004b2c       0x12 ../Iot driver Library\libIotLibrary.a(stdio_driver.o)
 .text.stdioCreate
                0x00004b3e       0x52 ../Iot driver Library\libIotLibrary.a(stdio_driver.o)
                0x00004b3e                stdioCreate
 .text._initTwiInterface
                0x00004b90       0x22 ../Iot driver Library\libIotLibrary.a(twi.o)
 .text.twiCreate
                0x00004bb2       0x9a ../Iot driver Library\libIotLibrary.a(twi.o)
                0x00004bb2                twiCreate
 .text.twiIsBusy
                0x00004c4c        0x8 ../Iot driver Library\libIotLibrary.a(twi.o)
                0x00004c4c                twiIsBusy
 .text.twiTransmit
                0x00004c54       0x98 ../Iot driver Library\libIotLibrary.a(twi.o)
                0x00004c54                twiTransmit
 .text.twiReceive
                0x00004cec       0x66 ../Iot driver Library\libIotLibrary.a(twi.o)
                0x00004cec                twiReceive
 .text.__vector_39
                0x00004d52      0x17a ../Iot driver Library\libIotLibrary.a(twi.o)
                0x00004d52                __vector_39
 .text.fifo_init
                0x00004ecc       0x38 ../Iot driver Library\libIotLibrary.a(fifo.o)
                0x00004ecc                fifo_init
 .text.avr-libc.fplib
                0x00004f04        0xc c:/program files (x86)/atmel/studio/7.0/toolchain/avr8/avr8-gnu-toolchain/bin/../lib/gcc/avr/5.4.0/../../../../avr/lib/avr6\libm.a(addsf3.o)
                0x00004f04                __subsf3
                0x00004f06                __addsf3
 .text.avr-libc.fplib
                0x00004f10       0xcc c:/program files (x86)/atmel/studio/7.0/toolchain/avr8/avr8-gnu-toolchain/bin/../lib/gcc/avr/5.4.0/../../../../avr/lib/avr6\libm.a(addsf3x.o)
                0x00004f32                __addsf3x
 .text.avr-libc.fplib
                0x00004fdc        0x6 c:/program files (x86)/atmel/studio/7.0/toolchain/avr8/avr8-gnu-toolchain/bin/../lib/gcc/avr/5.4.0/../../../../avr/lib/avr6\libm.a(divsf3.o)
                0x00004fdc                __divsf3
 .text.avr-libc.fplib
                0x00004fe2       0xdc c:/program files (x86)/atmel/studio/7.0/toolchain/avr8/avr8-gnu-toolchain/bin/../lib/gcc/avr/5.4.0/../../../../avr/lib/avr6\libm.a(divsf3x.o)
                0x00005002                __divsf3x
                0x00005008                __divsf3_pse
 .text.avr-libc.fplib
                0x000050be       0x7a c:/program files (x86)/atmel/studio/7.0/toolchain/avr8/avr8-gnu-toolchain/bin/../lib/gcc/avr/5.4.0/../../../../avr/lib/avr6\libm.a(floatsisf.o)
                0x000050be                __floatunsisf
                0x000050c2                __floatsisf
 .text.libgcc.div
                0x00005138       0x44 c:/program files (x86)/atmel/studio/7.0/toolchain/avr8/avr8-gnu-toolchain/bin/../lib/gcc/avr/5.4.0/avr6\libgcc.a(_udivmodsi4.o)
                0x00005138                __udivmodsi4
 .text.libgcc   0x0000517c       0x10 c:/program files (x86)/atmel/studio/7.0/toolchain/avr8/avr8-gnu-toolchain/bin/../lib/gcc/avr/5.4.0/avr6\libgcc.a(_tablejump2.o)
                0x0000517c                __tablejump2__
 .text.avr-libc
                0x0000518c       0x34 c:/program files (x86)/atmel/studio/7.0/toolchain/avr8/avr8-gnu-toolchain/bin/../lib/gcc/avr/5.4.0/../../../../avr/lib/avr6\libc.a(calloc.o)
                0x0000518c                calloc
 .text.avr-libc
                0x000051c0      0x242 c:/program files (x86)/atmel/studio/7.0/toolchain/avr8/avr8-gnu-toolchain/bin/../lib/gcc/avr/5.4.0/../../../../avr/lib/avr6\libc.a(malloc.o)
                0x000051c0                malloc
                0x000052f0                free
 .text.avr-libc
                0x00005402        0x8 c:/program files (x86)/atmel/studio/7.0/toolchain/avr8/avr8-gnu-toolchain/bin/../lib/gcc/avr/5.4.0/../../../../avr/lib/avr6\libc.a(abort.o)
                0x00005402                abort
 .text.avr-libc
                0x0000540a      0x1b0 c:/program files (x86)/atmel/studio/7.0/toolchain/avr8/avr8-gnu-toolchain/bin/../lib/gcc/avr/5.4.0/../../../../avr/lib/avr6\libc.a(ftoa_engine.o)
                0x0000540a                __ftoa_engine
 .text.avr-libc
                0x000055ba       0x16 c:/program files (x86)/atmel/studio/7.0/toolchain/avr8/avr8-gnu-toolchain/bin/../lib/gcc/avr/5.4.0/../../../../avr/lib/avr6\libc.a(strnlen_P.o)
                0x000055ba                strnlen_P
 .text.avr-libc
                0x000055d0       0x12 c:/program files (x86)/atmel/studio/7.0/toolchain/avr8/avr8-gnu-toolchain/bin/../lib/gcc/avr/5.4.0/../../../../avr/lib/avr6\libc.a(memcpy.o)
                0x000055d0                memcpy
 .text.avr-libc
                0x000055e2        0xe c:/program files (x86)/atmel/studio/7.0/toolchain/avr8/avr8-gnu-toolchain/bin/../lib/gcc/avr/5.4.0/../../../../avr/lib/avr6\libc.a(memset.o)
                0x000055e2                memset
 .text.avr-libc
                0x000055f0       0x16 c:/program files (x86)/atmel/studio/7.0/toolchain/avr8/avr8-gnu-toolchain/bin/../lib/gcc/avr/5.4.0/../../../../avr/lib/avr6\libc.a(strcat.o)
                0x000055f0                strcat
 .text.avr-libc
                0x00005606        0xe c:/program files (x86)/atmel/studio/7.0/toolchain/avr8/avr8-gnu-toolchain/bin/../lib/gcc/avr/5.4.0/../../../../avr/lib/avr6\libc.a(strcpy.o)
                0x00005606                strcpy
 .text.avr-libc
                0x00005614       0x30 c:/program files (x86)/atmel/studio/7.0/toolchain/avr8/avr8-gnu-toolchain/bin/../lib/gcc/avr/5.4.0/../../../../avr/lib/avr6\libc.a(strncasecmp.o)
                0x00005614                strncasecmp
 .text.avr-libc
                0x00005644       0x16 c:/program files (x86)/atmel/studio/7.0/toolchain/avr8/avr8-gnu-toolchain/bin/../lib/gcc/avr/5.4.0/../../../../avr/lib/avr6\libc.a(strnlen.o)
                0x00005644                strnlen
 .text.avr-libc
                0x0000565a       0x78 c:/program files (x86)/atmel/studio/7.0/toolchain/avr8/avr8-gnu-toolchain/bin/../lib/gcc/avr/5.4.0/../../../../avr/lib/avr6\libc.a(fputc.o)
                0x0000565a                fputc
 .text.avr-libc
                0x000056d2       0x28 c:/program files (x86)/atmel/studio/7.0/toolchain/avr8/avr8-gnu-toolchain/bin/../lib/gcc/avr/5.4.0/../../../../avr/lib/avr6\libc.a(printf.o)
                0x000056d2                printf
 .text.avr-libc
                0x000056fa       0x60 c:/program files (x86)/atmel/studio/7.0/toolchain/avr8/avr8-gnu-toolchain/bin/../lib/gcc/avr/5.4.0/../../../../avr/lib/avr6\libc.a(puts.o)
                0x000056fa                puts
 .text.avr-libc
                0x0000575a       0x5e c:/program files (x86)/atmel/studio/7.0/toolchain/avr8/avr8-gnu-toolchain/bin/../lib/gcc/avr/5.4.0/../../../../avr/lib/avr6\libc.a(sprintf.o)
                0x0000575a                sprintf
 .text.avr-libc
                0x000057b8       0xbc c:/program files (x86)/atmel/studio/7.0/toolchain/avr8/avr8-gnu-toolchain/bin/../lib/gcc/avr/5.4.0/../../../../avr/lib/avr6\libc.a(ultoa_invert.o)
                0x000057b8                __ultoa_invert
                0x00005874                . = ALIGN (0x2)
 *(.fini9)
 .fini9         0x00005874        0x0 c:/program files (x86)/atmel/studio/7.0/toolchain/avr8/avr8-gnu-toolchain/bin/../lib/gcc/avr/5.4.0/avr6\libgcc.a(_exit.o)
                0x00005874                _exit
                0x00005874                exit
 *(.fini9)
 *(.fini8)
 *(.fini8)
 *(.fini7)
 *(.fini7)
 *(.fini6)
 *(.fini6)
 *(.fini5)
 *(.fini5)
 *(.fini4)
 *(.fini4)
 *(.fini3)
 *(.fini3)
 *(.fini2)
 *(.fini2)
 *(.fini1)
 *(.fini1)
 *(.fini0)
 .fini0         0x00005874        0x4 c:/program files (x86)/atmel/studio/7.0/toolchain/avr8/avr8-gnu-toolchain/bin/../lib/gcc/avr/5.4.0/avr6\libgcc.a(_exit.o)
 *(.fini0)
                0x00005878                _etext = .

.data           0x00800200      0x766 load address 0x00005878
                0x00800200                PROVIDE (__data_start, .)
 *(.data)
 .data          0x00800200        0x6 c:/program files (x86)/atmel/studio/7.0/toolchain/avr8/avr8-gnu-toolchain/bin/../lib/gcc/avr/5.4.0/../../../../avr/lib/avr6\libc.a(malloc.o)
                0x00800200                __malloc_heap_end
                0x00800202                __malloc_heap_start
                0x00800204                __malloc_margin
 *(.data*)
 .data.send_status
                0x00800206        0x2 main.o
                0x00800206                send_status
 .data.co2_ppm  0x00800208        0x2 main.o
                0x00800208                co2_ppm
 .data._temp    0x0080020a        0x2 ../Iot driver Library\libIotLibrary.a(hih8120.o)
 .data._hum     0x0080020c        0x2 ../Iot driver Library\libIotLibrary.a(hih8120.o)
 .data._com_port_2_udr
                0x0080020e        0x8 ../Iot driver Library\libIotLibrary.a(serial.o)
                0x0080020e                _com_port_2_udr
 .data.mystdout.1881
                0x00800216        0xe ../Iot driver Library\libIotLibrary.a(stdio_driver.o)
 .data._twiCurrentState
                0x00800224        0x1 ../Iot driver Library\libIotLibrary.a(twi.o)
 *(.gnu.linkonce.d*)
 *(.rodata)
 .rodata        0x00800225       0x20 ../Iot driver Library\libIotLibrary.a(lora_driver.o)
 .rodata        0x00800245       0x2d ../Iot driver Library\libIotLibrary.a(mh_z19.o)
 *(.rodata*)
 .rodata.str1.1
                0x00800272        0x5 FreeRTOS/src/tasks.o
 .rodata.str1.1
                0x00800277        0x8 FreeRTOS/src/timers.o
 .rodata.str1.1
                0x0080027f      0x411 main.o
                                0x417 (size before relaxing)
 .rodata.str1.1
                0x00800690       0x1f ../Iot driver Library\libIotLibrary.a(led.o)
 .rodata.str1.1
                0x008006af      0x27f ../Iot driver Library\libIotLibrary.a(lora_driver.o)
                                0x28f (size before relaxing)
 .rodata._join_mode
                0x0080092e        0x4 ../Iot driver Library\libIotLibrary.a(lora_driver.o)
 .rodata._return_code
                0x00800932       0x33 ../Iot driver Library\libIotLibrary.a(lora_driver.o)
                0x00800932                _return_code
 *(.gnu.linkonce.r*)
                0x00800966                . = ALIGN (0x2)
 *fill*         0x00800965        0x1 
                0x00800966                _edata = .
                0x00800966                PROVIDE (__data_end, .)

.bss            0x00800966      0x28d
                0x00800966                PROVIDE (__bss_start, .)
 *(.bss)
 *(.bss*)
 .bss.uxSchedulerSuspended
                0x00800966        0x1 FreeRTOS/src/tasks.o
 .bss.xIdleTaskHandle
                0x00800967        0x2 FreeRTOS/src/tasks.o
 .bss.xNextTaskUnblockTime
                0x00800969        0x2 FreeRTOS/src/tasks.o
 .bss.uxTaskNumber
                0x0080096b        0x1 FreeRTOS/src/tasks.o
 .bss.xNumOfOverflows
                0x0080096c        0x1 FreeRTOS/src/tasks.o
 .bss.xYieldPending
                0x0080096d        0x1 FreeRTOS/src/tasks.o
 .bss.uxPendedTicks
                0x0080096e        0x1 FreeRTOS/src/tasks.o
 .bss.xSchedulerRunning
                0x0080096f        0x1 FreeRTOS/src/tasks.o
 .bss.uxTopReadyPriority
                0x00800970        0x1 FreeRTOS/src/tasks.o
 .bss.xTickCount
                0x00800971        0x2 FreeRTOS/src/tasks.o
 .bss.uxCurrentNumberOfTasks
                0x00800973        0x1 FreeRTOS/src/tasks.o
 .bss.xSuspendedTaskList
                0x00800974        0x9 FreeRTOS/src/tasks.o
 .bss.uxDeletedTasksWaitingCleanUp
                0x0080097d        0x1 FreeRTOS/src/tasks.o
 .bss.xTasksWaitingTermination
                0x0080097e        0x9 FreeRTOS/src/tasks.o
 .bss.xPendingReadyList
                0x00800987        0x9 FreeRTOS/src/tasks.o
 .bss.pxOverflowDelayedTaskList
                0x00800990        0x2 FreeRTOS/src/tasks.o
 .bss.pxDelayedTaskList
                0x00800992        0x2 FreeRTOS/src/tasks.o
 .bss.xDelayedTaskList2
                0x00800994        0x9 FreeRTOS/src/tasks.o
 .bss.xDelayedTaskList1
                0x0080099d        0x9 FreeRTOS/src/tasks.o
 .bss.pxReadyTasksLists
                0x008009a6       0x24 FreeRTOS/src/tasks.o
 .bss.pxCurrentTCB
                0x008009ca        0x2 FreeRTOS/src/tasks.o
                0x008009ca                pxCurrentTCB
 .bss.xLastTime.2432
                0x008009cc        0x2 FreeRTOS/src/timers.o
 .bss.xTimerTaskHandle
                0x008009ce        0x2 FreeRTOS/src/timers.o
 .bss.xTimerQueue
                0x008009d0        0x2 FreeRTOS/src/timers.o
 .bss.pxOverflowTimerList
                0x008009d2        0x2 FreeRTOS/src/timers.o
 .bss.pxCurrentTimerList
                0x008009d4        0x2 FreeRTOS/src/timers.o
 .bss.xActiveTimerList2
                0x008009d6        0x9 FreeRTOS/src/timers.o
 .bss.xActiveTimerList1
                0x008009df        0x9 FreeRTOS/src/timers.o
 .bss._uplink_payload
                0x008009e8       0x16 main.o
 .bss._out_buf  0x008009fe       0x64 main.o
 .bss.x2Handle  0x00800a62        0x2 main.o
                0x00800a62                x2Handle
 .bss.x1Handle  0x00800a64        0x2 main.o
                0x00800a64                x1Handle
 .bss._measuringIsReady
                0x00800a66        0x1 ../Iot driver Library\libIotLibrary.a(hih8120.o)
 .bss._hih8120Handler
                0x00800a67        0x2 ../Iot driver Library\libIotLibrary.a(hih8120.o)
 .bss._led_status
                0x00800a69       0x18 ../Iot driver Library\libIotLibrary.a(led.o)
 .bss._tmp_buf.2919
                0x00800a81       0x64 ../Iot driver Library\libIotLibrary.a(lora_driver.o)
 .bss.rec_buf_inp.2926
                0x00800ae5        0x1 ../Iot driver Library\libIotLibrary.a(lora_driver.o)
 .bss._reply_buffer_handle
                0x00800ae6        0x2 ../Iot driver Library\libIotLibrary.a(lora_driver.o)
 .bss._rn2483_serial
                0x00800ae8        0x2 ../Iot driver Library\libIotLibrary.a(lora_driver.o)
 .bss._downlink_payload
                0x00800aea       0x16 ../Iot driver Library\libIotLibrary.a(lora_driver.o)
 .bss._pay_load_hex_bytes
                0x00800b00       0x15 ../Iot driver Library\libIotLibrary.a(lora_driver.o)
 .bss._rec_message_buf
                0x00800b15       0x2d ../Iot driver Library\libIotLibrary.a(lora_driver.o)
 .bss._send_message
                0x00800b42       0x2d ../Iot driver Library\libIotLibrary.a(lora_driver.o)
 .bss._reply_mess
                0x00800b6f       0x2d ../Iot driver Library\libIotLibrary.a(lora_driver.o)
 .bss.data.1940
                0x00800b9c        0x2 ../Iot driver Library\libIotLibrary.a(mh_z19.o)
 .bss.inDex.1939
                0x00800b9e        0x1 ../Iot driver Library\libIotLibrary.a(mh_z19.o)
 .bss.crc_sum.1941
                0x00800b9f        0x1 ../Iot driver Library\libIotLibrary.a(mh_z19.o)
 .bss._app_call_back
                0x00800ba0        0x2 ../Iot driver Library\libIotLibrary.a(mh_z19.o)
 .bss._mh_state
                0x00800ba2        0x1 ../Iot driver Library\libIotLibrary.a(mh_z19.o)
                0x00800ba2                _mh_state
 .bss._ppm      0x00800ba3        0x2 ../Iot driver Library\libIotLibrary.a(mh_z19.o)
 .bss._serial   0x00800ba5        0x2 ../Iot driver Library\libIotLibrary.a(mh_z19.o)
 .bss._ser_handle
                0x00800ba7        0x8 ../Iot driver Library\libIotLibrary.a(serial.o)
 .bss._com_serial_instance
                0x00800baf        0x2 ../Iot driver Library\libIotLibrary.a(stdio_driver.o)
 .bss._index.1885
                0x00800bb1        0x1 ../Iot driver Library\libIotLibrary.a(twi.o)
 .bss._twiCurrentHandler
                0x00800bb2        0x2 ../Iot driver Library\libIotLibrary.a(twi.o)
 .bss._twiMessageLen
                0x00800bb4        0x1 ../Iot driver Library\libIotLibrary.a(twi.o)
 .bss._twiMessageBuffer
                0x00800bb5        0xa ../Iot driver Library\libIotLibrary.a(twi.o)
 .bss._twiIsInitiated
                0x00800bbf        0x1 ../Iot driver Library\libIotLibrary.a(twi.o)
 *(COMMON)
 COMMON         0x00800bc0       0x13 main.o
                0x00800bc0                rc
                0x00800bc1                hum
                0x00800bc3                temp
                0x00800bc5                temperature
                0x00800bc9                ppm
                0x00800bcb                humidity
                0x00800bcf                xSemaphore1
                0x00800bd1                xTimer1
 COMMON         0x00800bd3       0x16 ../Iot driver Library\libIotLibrary.a(hal.o)
                0x00800bd3                register_access
 COMMON         0x00800be9        0x4 c:/program files (x86)/atmel/studio/7.0/toolchain/avr8/avr8-gnu-toolchain/bin/../lib/gcc/avr/5.4.0/../../../../avr/lib/avr6\libc.a(malloc.o)
                0x00800be9                __brkval
                0x00800beb                __flp
 COMMON         0x00800bed        0x6 c:/program files (x86)/atmel/studio/7.0/toolchain/avr8/avr8-gnu-toolchain/bin/../lib/gcc/avr/5.4.0/../../../../avr/lib/avr6\libc.a(iob.o)
                0x00800bed                __iob
                0x00800bf3                PROVIDE (__bss_end, .)
                0x00005878                __data_load_start = LOADADDR (.data)
                0x00005fde                __data_load_end = (__data_load_start + SIZEOF (.data))

.noinit         0x00800bf3        0x0
                [!provide]                PROVIDE (__noinit_start, .)
 *(.noinit*)
                [!provide]                PROVIDE (__noinit_end, .)
                0x00800bf3                _end = .
                0x00800bf3                PROVIDE (__heap_start, .)

.eeprom         0x00810000        0x0
 *(.eeprom*)
                0x00810000                __eeprom_end = .

.fuse
 *(.fuse)
 *(.lfuse)
 *(.hfuse)
 *(.efuse)

.lock
 *(.lock*)

.signature
 *(.signature*)

.user_signatures
 *(.user_signatures*)

.stab
 *(.stab)

.stabstr
 *(.stabstr)

.stab.excl
 *(.stab.excl)

.stab.exclstr
 *(.stab.exclstr)

.stab.index
 *(.stab.index)

.stab.indexstr
 *(.stab.indexstr)

.comment        0x00000000       0x5c
 *(.comment)
 .comment       0x00000000       0x30 FreeRTOS/FreeRTOSTraceDriver/FreeRTOSTraceDriver.o
                                 0x31 (size before relaxing)
 .comment       0x00000030       0x31 FreeRTOS/src/heap_3.o
 .comment       0x00000030       0x31 FreeRTOS/src/list.o
 .comment       0x00000030       0x31 FreeRTOS/src/port.o
 .comment       0x00000030       0x31 FreeRTOS/src/queue.o
 .comment       0x00000030       0x31 FreeRTOS/src/stream_buffer.o
 .comment       0x00000030       0x31 FreeRTOS/src/tasks.o
 .comment       0x00000030       0x31 FreeRTOS/src/timers.o
 .comment       0x00000030       0x31 FreeRTOS/src/variantHooks.o
 .comment       0x00000030       0x31 main.o
 .comment       0x00000030       0x2c c:/program files (x86)/atmel/studio/7.0/toolchain/avr8/avr8-gnu-toolchain/bin/../lib/gcc/avr/5.4.0/../../../../avr/lib/avr6\libprintf_flt.a(vfprintf_flt.o)
                                 0x2d (size before relaxing)
 .comment       0x0000005c       0x31 ../Iot driver Library\libIotLibrary.a(hal.o)
 .comment       0x0000005c       0x31 ../Iot driver Library\libIotLibrary.a(hih8120.o)
 .comment       0x0000005c       0x31 ../Iot driver Library\libIotLibrary.a(led.o)
 .comment       0x0000005c       0x31 ../Iot driver Library\libIotLibrary.a(lora_driver.o)
 .comment       0x0000005c       0x31 ../Iot driver Library\libIotLibrary.a(lora_driver_utils.o)
 .comment       0x0000005c       0x31 ../Iot driver Library\libIotLibrary.a(mega_register_access.o)
 .comment       0x0000005c       0x31 ../Iot driver Library\libIotLibrary.a(mh_z19.o)
 .comment       0x0000005c       0x31 ../Iot driver Library\libIotLibrary.a(serial.o)
 .comment       0x0000005c       0x31 ../Iot driver Library\libIotLibrary.a(stdio_driver.o)
 .comment       0x0000005c       0x31 ../Iot driver Library\libIotLibrary.a(twi.o)
 .comment       0x0000005c       0x31 ../Iot driver Library\libIotLibrary.a(fifo.o)
 .comment       0x0000005c       0x31 c:/program files (x86)/atmel/studio/7.0/toolchain/avr8/avr8-gnu-toolchain/bin/../lib/gcc/avr/5.4.0/../../../../avr/lib/avr6\libc.a(calloc.o)
 .comment       0x0000005c       0x31 c:/program files (x86)/atmel/studio/7.0/toolchain/avr8/avr8-gnu-toolchain/bin/../lib/gcc/avr/5.4.0/../../../../avr/lib/avr6\libc.a(malloc.o)
 .comment       0x0000005c       0x31 c:/program files (x86)/atmel/studio/7.0/toolchain/avr8/avr8-gnu-toolchain/bin/../lib/gcc/avr/5.4.0/../../../../avr/lib/avr6\libc.a(fputc.o)
 .comment       0x0000005c       0x31 c:/program files (x86)/atmel/studio/7.0/toolchain/avr8/avr8-gnu-toolchain/bin/../lib/gcc/avr/5.4.0/../../../../avr/lib/avr6\libc.a(iob.o)
 .comment       0x0000005c       0x31 c:/program files (x86)/atmel/studio/7.0/toolchain/avr8/avr8-gnu-toolchain/bin/../lib/gcc/avr/5.4.0/../../../../avr/lib/avr6\libc.a(printf.o)
 .comment       0x0000005c       0x31 c:/program files (x86)/atmel/studio/7.0/toolchain/avr8/avr8-gnu-toolchain/bin/../lib/gcc/avr/5.4.0/../../../../avr/lib/avr6\libc.a(puts.o)
 .comment       0x0000005c       0x31 c:/program files (x86)/atmel/studio/7.0/toolchain/avr8/avr8-gnu-toolchain/bin/../lib/gcc/avr/5.4.0/../../../../avr/lib/avr6\libc.a(sprintf.o)

.note.gnu.avr.deviceinfo
                0x00000000       0x40
 .note.gnu.avr.deviceinfo
                0x00000000       0x40 C:/Program Files (x86)/Atmel/Studio/7.0/Packs/atmel/ATmega_DFP/1.2.209/gcc/dev/atmega2560/avr6/crtatmega2560.o

.note.gnu.build-id
 *(.note.gnu.build-id)

.debug
 *(.debug)

.line
 *(.line)

.debug_srcinfo
 *(.debug_srcinfo)

.debug_sfnames
 *(.debug_sfnames)

.debug_aranges  0x00000000      0xa10
 *(.debug_aranges)
 .debug_aranges
                0x00000000       0x30 FreeRTOS/FreeRTOSTraceDriver/FreeRTOSTraceDriver.o
 .debug_aranges
                0x00000030       0x28 FreeRTOS/src/heap_3.o
 .debug_aranges
                0x00000058       0x40 FreeRTOS/src/list.o
 .debug_aranges
                0x00000098       0x48 FreeRTOS/src/port.o
 .debug_aranges
                0x000000e0       0xf8 FreeRTOS/src/queue.o
 .debug_aranges
                0x000001d8       0xc8 FreeRTOS/src/stream_buffer.o
 .debug_aranges
                0x000002a0      0x1d8 FreeRTOS/src/tasks.o
 .debug_aranges
                0x00000478       0xa0 FreeRTOS/src/timers.o
 .debug_aranges
                0x00000518       0x30 FreeRTOS/src/variantHooks.o
 .debug_aranges
                0x00000548       0x90 main.o
 .debug_aranges
                0x000005d8       0x20 ../Iot driver Library\libIotLibrary.a(hal.o)
 .debug_aranges
                0x000005f8       0x68 ../Iot driver Library\libIotLibrary.a(hih8120.o)
 .debug_aranges
                0x00000660       0x68 ../Iot driver Library\libIotLibrary.a(led.o)
 .debug_aranges
                0x000006c8      0x128 ../Iot driver Library\libIotLibrary.a(lora_driver.o)
 .debug_aranges
                0x000007f0       0x28 ../Iot driver Library\libIotLibrary.a(lora_driver_utils.o)
 .debug_aranges
                0x00000818       0x70 ../Iot driver Library\libIotLibrary.a(mega_register_access.o)
 .debug_aranges
                0x00000888       0x50 ../Iot driver Library\libIotLibrary.a(mh_z19.o)
 .debug_aranges
                0x000008d8       0x90 ../Iot driver Library\libIotLibrary.a(serial.o)
 .debug_aranges
                0x00000968       0x38 ../Iot driver Library\libIotLibrary.a(stdio_driver.o)
 .debug_aranges
                0x000009a0       0x50 ../Iot driver Library\libIotLibrary.a(twi.o)
 .debug_aranges
                0x000009f0       0x20 ../Iot driver Library\libIotLibrary.a(fifo.o)

.debug_pubnames
 *(.debug_pubnames)

.debug_info     0x00000000     0xd452
 *(.debug_info .gnu.linkonce.wi.*)
 .debug_info    0x00000000      0xbbc C:/Program Files (x86)/Atmel/Studio/7.0/Packs/atmel/ATmega_DFP/1.2.209/gcc/dev/atmega2560/avr6/crtatmega2560.o
 .debug_info    0x00000bbc       0xd3 FreeRTOS/FreeRTOSTraceDriver/FreeRTOSTraceDriver.o
 .debug_info    0x00000c8f      0x19f FreeRTOS/src/heap_3.o
 .debug_info    0x00000e2e      0x2df FreeRTOS/src/list.o
 .debug_info    0x0000110d      0x284 FreeRTOS/src/port.o
 .debug_info    0x00001391     0x18fc FreeRTOS/src/queue.o
 .debug_info    0x00002c8d     0x14b9 FreeRTOS/src/stream_buffer.o
 .debug_info    0x00004146     0x27ae FreeRTOS/src/tasks.o
 .debug_info    0x000068f4     0x1077 FreeRTOS/src/timers.o
 .debug_info    0x0000796b      0x1ba FreeRTOS/src/variantHooks.o
 .debug_info    0x00007b25     0x1456 main.o
 .debug_info    0x00008f7b      0x20d ../Iot driver Library\libIotLibrary.a(hal.o)
 .debug_info    0x00009188      0x3a9 ../Iot driver Library\libIotLibrary.a(hih8120.o)
 .debug_info    0x00009531      0x6f9 ../Iot driver Library\libIotLibrary.a(led.o)
 .debug_info    0x00009c2a     0x165d ../Iot driver Library\libIotLibrary.a(lora_driver.o)
 .debug_info    0x0000b287      0x143 ../Iot driver Library\libIotLibrary.a(lora_driver_utils.o)
 .debug_info    0x0000b3ca      0x2e1 ../Iot driver Library\libIotLibrary.a(mega_register_access.o)
 .debug_info    0x0000b6ab      0x538 ../Iot driver Library\libIotLibrary.a(mh_z19.o)
 .debug_info    0x0000bbe3      0xdb3 ../Iot driver Library\libIotLibrary.a(serial.o)
 .debug_info    0x0000c996      0x39c ../Iot driver Library\libIotLibrary.a(stdio_driver.o)
 .debug_info    0x0000cd32      0x55d ../Iot driver Library\libIotLibrary.a(twi.o)
 .debug_info    0x0000d28f      0x1c3 ../Iot driver Library\libIotLibrary.a(fifo.o)

.debug_abbrev   0x00000000     0x3386
 *(.debug_abbrev)
 .debug_abbrev  0x00000000      0xb1a C:/Program Files (x86)/Atmel/Studio/7.0/Packs/atmel/ATmega_DFP/1.2.209/gcc/dev/atmega2560/avr6/crtatmega2560.o
 .debug_abbrev  0x00000b1a       0x92 FreeRTOS/FreeRTOSTraceDriver/FreeRTOSTraceDriver.o
 .debug_abbrev  0x00000bac      0x107 FreeRTOS/src/heap_3.o
 .debug_abbrev  0x00000cb3       0xff FreeRTOS/src/list.o
 .debug_abbrev  0x00000db2      0x158 FreeRTOS/src/port.o
 .debug_abbrev  0x00000f0a      0x2d8 FreeRTOS/src/queue.o
 .debug_abbrev  0x000011e2      0x2b4 FreeRTOS/src/stream_buffer.o
 .debug_abbrev  0x00001496      0x359 FreeRTOS/src/tasks.o
 .debug_abbrev  0x000017ef      0x30f FreeRTOS/src/timers.o
 .debug_abbrev  0x00001afe      0x101 FreeRTOS/src/variantHooks.o
 .debug_abbrev  0x00001bff      0x397 main.o
 .debug_abbrev  0x00001f96       0xff ../Iot driver Library\libIotLibrary.a(hal.o)
 .debug_abbrev  0x00002095      0x184 ../Iot driver Library\libIotLibrary.a(hih8120.o)
 .debug_abbrev  0x00002219      0x228 ../Iot driver Library\libIotLibrary.a(led.o)
 .debug_abbrev  0x00002441      0x382 ../Iot driver Library\libIotLibrary.a(lora_driver.o)
 .debug_abbrev  0x000027c3       0xc0 ../Iot driver Library\libIotLibrary.a(lora_driver_utils.o)
 .debug_abbrev  0x00002883       0xd3 ../Iot driver Library\libIotLibrary.a(mega_register_access.o)
 .debug_abbrev  0x00002956      0x20f ../Iot driver Library\libIotLibrary.a(mh_z19.o)
 .debug_abbrev  0x00002b65      0x364 ../Iot driver Library\libIotLibrary.a(serial.o)
 .debug_abbrev  0x00002ec9      0x1be ../Iot driver Library\libIotLibrary.a(stdio_driver.o)
 .debug_abbrev  0x00003087      0x217 ../Iot driver Library\libIotLibrary.a(twi.o)
 .debug_abbrev  0x0000329e       0xe8 ../Iot driver Library\libIotLibrary.a(fifo.o)

.debug_line     0x00000000     0x615c
 *(.debug_line .debug_line.* .debug_line_end)
 .debug_line    0x00000000      0x1f9 C:/Program Files (x86)/Atmel/Studio/7.0/Packs/atmel/ATmega_DFP/1.2.209/gcc/dev/atmega2560/avr6/crtatmega2560.o
 .debug_line    0x000001f9       0xfd FreeRTOS/FreeRTOSTraceDriver/FreeRTOSTraceDriver.o
 .debug_line    0x000002f6      0x175 FreeRTOS/src/heap_3.o
 .debug_line    0x0000046b      0x1da FreeRTOS/src/list.o
 .debug_line    0x00000645      0x312 FreeRTOS/src/port.o
 .debug_line    0x00000957      0xbfa FreeRTOS/src/queue.o
 .debug_line    0x00001551      0x7a4 FreeRTOS/src/stream_buffer.o
 .debug_line    0x00001cf5     0x1656 FreeRTOS/src/tasks.o
 .debug_line    0x0000334b      0x562 FreeRTOS/src/timers.o
 .debug_line    0x000038ad      0x18a FreeRTOS/src/variantHooks.o
 .debug_line    0x00003a37      0x62d main.o
 .debug_line    0x00004064       0xff ../Iot driver Library\libIotLibrary.a(hal.o)
 .debug_line    0x00004163      0x246 ../Iot driver Library\libIotLibrary.a(hih8120.o)
 .debug_line    0x000043a9      0x32c ../Iot driver Library\libIotLibrary.a(led.o)
 .debug_line    0x000046d5      0x8df ../Iot driver Library\libIotLibrary.a(lora_driver.o)
 .debug_line    0x00004fb4      0x194 ../Iot driver Library\libIotLibrary.a(lora_driver_utils.o)
 .debug_line    0x00005148      0x1af ../Iot driver Library\libIotLibrary.a(mega_register_access.o)
 .debug_line    0x000052f7      0x2d6 ../Iot driver Library\libIotLibrary.a(mh_z19.o)
 .debug_line    0x000055cd      0x636 ../Iot driver Library\libIotLibrary.a(serial.o)
 .debug_line    0x00005c03      0x13a ../Iot driver Library\libIotLibrary.a(stdio_driver.o)
 .debug_line    0x00005d3d      0x306 ../Iot driver Library\libIotLibrary.a(twi.o)
 .debug_line    0x00006043      0x119 ../Iot driver Library\libIotLibrary.a(fifo.o)

.debug_frame    0x00000000     0x2128
 *(.debug_frame)
 .debug_frame   0x00000000       0x44 FreeRTOS/FreeRTOSTraceDriver/FreeRTOSTraceDriver.o
 .debug_frame   0x00000044       0x4c FreeRTOS/src/heap_3.o
 .debug_frame   0x00000090       0x88 FreeRTOS/src/list.o
 .debug_frame   0x00000118       0x74 FreeRTOS/src/port.o
 .debug_frame   0x0000018c      0x3cc FreeRTOS/src/queue.o
 .debug_frame   0x00000558      0x3c8 FreeRTOS/src/stream_buffer.o
 .debug_frame   0x00000920      0x69c FreeRTOS/src/tasks.o
 .debug_frame   0x00000fbc      0x1cc FreeRTOS/src/timers.o
 .debug_frame   0x00001188       0x44 FreeRTOS/src/variantHooks.o
 .debug_frame   0x000011cc      0x228 main.o
 .debug_frame   0x000013f4       0x24 ../Iot driver Library\libIotLibrary.a(hal.o)
 .debug_frame   0x00001418       0xc0 ../Iot driver Library\libIotLibrary.a(hih8120.o)
 .debug_frame   0x000014d8      0x11c ../Iot driver Library\libIotLibrary.a(led.o)
 .debug_frame   0x000015f4      0x3d8 ../Iot driver Library\libIotLibrary.a(lora_driver.o)
 .debug_frame   0x000019cc       0x48 ../Iot driver Library\libIotLibrary.a(lora_driver_utils.o)
 .debug_frame   0x00001a14       0xc4 ../Iot driver Library\libIotLibrary.a(mega_register_access.o)
 .debug_frame   0x00001ad8       0xf8 ../Iot driver Library\libIotLibrary.a(mh_z19.o)
 .debug_frame   0x00001bd0      0x384 ../Iot driver Library\libIotLibrary.a(serial.o)
 .debug_frame   0x00001f54       0x84 ../Iot driver Library\libIotLibrary.a(stdio_driver.o)
 .debug_frame   0x00001fd8      0x12c ../Iot driver Library\libIotLibrary.a(twi.o)
 .debug_frame   0x00002104       0x24 ../Iot driver Library\libIotLibrary.a(fifo.o)

.debug_str      0x00000000     0x3dce
 *(.debug_str)
 .debug_str     0x00000000      0x3e6 C:/Program Files (x86)/Atmel/Studio/7.0/Packs/atmel/ATmega_DFP/1.2.209/gcc/dev/atmega2560/avr6/crtatmega2560.o
 .debug_str     0x000003e6      0x197 FreeRTOS/FreeRTOSTraceDriver/FreeRTOSTraceDriver.o
                                0x1cb (size before relaxing)
 .debug_str     0x0000057d       0x9d FreeRTOS/src/heap_3.o
                                0x1fd (size before relaxing)
 .debug_str     0x0000061a      0x154 FreeRTOS/src/list.o
                                0x2c8 (size before relaxing)
 .debug_str     0x0000076e      0x130 FreeRTOS/src/port.o
                                0x2b5 (size before relaxing)
 .debug_str     0x0000089e      0x6e4 FreeRTOS/src/queue.o
                                0x9be (size before relaxing)
 .debug_str     0x00000f82      0x54a FreeRTOS/src/stream_buffer.o
                                0x82d (size before relaxing)
 .debug_str     0x000014cc      0xb1c FreeRTOS/src/tasks.o
                               0x1169 (size before relaxing)
 .debug_str     0x00001fe8      0x43f FreeRTOS/src/timers.o
                                0x856 (size before relaxing)
 .debug_str     0x00002427       0x61 FreeRTOS/src/variantHooks.o
                                0x25c (size before relaxing)
 .debug_str     0x00002488      0x6ea main.o
                                0xa09 (size before relaxing)
 .debug_str     0x00002b72       0xc3 ../Iot driver Library\libIotLibrary.a(hal.o)
                                0x278 (size before relaxing)
 .debug_str     0x00002c35      0x241 ../Iot driver Library\libIotLibrary.a(hih8120.o)
                                0x44a (size before relaxing)
 .debug_str     0x00002e76       0xcb ../Iot driver Library\libIotLibrary.a(led.o)
                                0x3d2 (size before relaxing)
 .debug_str     0x00002f41      0x5f4 ../Iot driver Library\libIotLibrary.a(lora_driver.o)
                                0xc93 (size before relaxing)
 .debug_str     0x00003535       0x46 ../Iot driver Library\libIotLibrary.a(lora_driver_utils.o)
                                0x205 (size before relaxing)
 .debug_str     0x0000357b       0xdf ../Iot driver Library\libIotLibrary.a(mega_register_access.o)
                                0x252 (size before relaxing)
 .debug_str     0x0000365a       0xfa ../Iot driver Library\libIotLibrary.a(mh_z19.o)
                                0x47a (size before relaxing)
 .debug_str     0x00003754      0x2de ../Iot driver Library\libIotLibrary.a(serial.o)
                                0x639 (size before relaxing)
 .debug_str     0x00003a32       0xa4 ../Iot driver Library\libIotLibrary.a(stdio_driver.o)
                                0x378 (size before relaxing)
 .debug_str     0x00003ad6      0x2de ../Iot driver Library\libIotLibrary.a(twi.o)
                                0x5a8 (size before relaxing)
 .debug_str     0x00003db4       0x1a ../Iot driver Library\libIotLibrary.a(fifo.o)
                                0x237 (size before relaxing)

.debug_loc      0x00000000     0xb97a
 *(.debug_loc)
 .debug_loc     0x00000000       0x42 FreeRTOS/FreeRTOSTraceDriver/FreeRTOSTraceDriver.o
 .debug_loc     0x00000042      0x102 FreeRTOS/src/heap_3.o
 .debug_loc     0x00000144      0x145 FreeRTOS/src/list.o
 .debug_loc     0x00000289      0x2af FreeRTOS/src/port.o
 .debug_loc     0x00000538     0x1dc0 FreeRTOS/src/queue.o
 .debug_loc     0x000022f8     0x1e4d FreeRTOS/src/stream_buffer.o
 .debug_loc     0x00004145     0x2e78 FreeRTOS/src/tasks.o
 .debug_loc     0x00006fbd      0xbed FreeRTOS/src/timers.o
 .debug_loc     0x00007baa       0xb6 FreeRTOS/src/variantHooks.o
 .debug_loc     0x00007c60      0xa24 main.o
 .debug_loc     0x00008684       0x2c ../Iot driver Library\libIotLibrary.a(hal.o)
 .debug_loc     0x000086b0       0x9f ../Iot driver Library\libIotLibrary.a(hih8120.o)
 .debug_loc     0x0000874f      0x390 ../Iot driver Library\libIotLibrary.a(led.o)
 .debug_loc     0x00008adf      0xf7c ../Iot driver Library\libIotLibrary.a(lora_driver.o)
 .debug_loc     0x00009a5b      0x1d2 ../Iot driver Library\libIotLibrary.a(lora_driver_utils.o)
 .debug_loc     0x00009c2d       0xe9 ../Iot driver Library\libIotLibrary.a(mega_register_access.o)
 .debug_loc     0x00009d16      0x3cd ../Iot driver Library\libIotLibrary.a(mh_z19.o)
 .debug_loc     0x0000a0e3     0x1080 ../Iot driver Library\libIotLibrary.a(serial.o)
 .debug_loc     0x0000b163      0x144 ../Iot driver Library\libIotLibrary.a(stdio_driver.o)
 .debug_loc     0x0000b2a7      0x575 ../Iot driver Library\libIotLibrary.a(twi.o)
 .debug_loc     0x0000b81c      0x15e ../Iot driver Library\libIotLibrary.a(fifo.o)

.debug_macinfo
 *(.debug_macinfo)

.debug_weaknames
 *(.debug_weaknames)

.debug_funcnames
 *(.debug_funcnames)

.debug_typenames
 *(.debug_typenames)

.debug_varnames
 *(.debug_varnames)

.debug_pubtypes
 *(.debug_pubtypes)

.debug_ranges   0x00000000      0xa78
 *(.debug_ranges)
 .debug_ranges  0x00000000       0x20 FreeRTOS/FreeRTOSTraceDriver/FreeRTOSTraceDriver.o
 .debug_ranges  0x00000020       0x18 FreeRTOS/src/heap_3.o
 .debug_ranges  0x00000038       0x30 FreeRTOS/src/list.o
 .debug_ranges  0x00000068       0x38 FreeRTOS/src/port.o
 .debug_ranges  0x000000a0      0x178 FreeRTOS/src/queue.o
 .debug_ranges  0x00000218       0xb8 FreeRTOS/src/stream_buffer.o
 .debug_ranges  0x000002d0      0x240 FreeRTOS/src/tasks.o
 .debug_ranges  0x00000510       0xf0 FreeRTOS/src/timers.o
 .debug_ranges  0x00000600       0x20 FreeRTOS/src/variantHooks.o
 .debug_ranges  0x00000620       0xa0 main.o
 .debug_ranges  0x000006c0       0x10 ../Iot driver Library\libIotLibrary.a(hal.o)
 .debug_ranges  0x000006d0       0x58 ../Iot driver Library\libIotLibrary.a(hih8120.o)
 .debug_ranges  0x00000728       0x58 ../Iot driver Library\libIotLibrary.a(led.o)
 .debug_ranges  0x00000780      0x118 ../Iot driver Library\libIotLibrary.a(lora_driver.o)
 .debug_ranges  0x00000898       0x30 ../Iot driver Library\libIotLibrary.a(lora_driver_utils.o)
 .debug_ranges  0x000008c8       0x60 ../Iot driver Library\libIotLibrary.a(mega_register_access.o)
 .debug_ranges  0x00000928       0x40 ../Iot driver Library\libIotLibrary.a(mh_z19.o)
 .debug_ranges  0x00000968       0x98 ../Iot driver Library\libIotLibrary.a(serial.o)
 .debug_ranges  0x00000a00       0x28 ../Iot driver Library\libIotLibrary.a(stdio_driver.o)
 .debug_ranges  0x00000a28       0x40 ../Iot driver Library\libIotLibrary.a(twi.o)
 .debug_ranges  0x00000a68       0x10 ../Iot driver Library\libIotLibrary.a(fifo.o)

.debug_macro
 *(.debug_macro)
OUTPUT(IMS1.elf elf32-avr)
LOAD linker stubs
